Report time       : Tue Jun  4 11:27:23 PDT 2019.
Solution          : AXI.
Simulation tool   : xsim.

+----------+----------+-----------------------------------------------+-----------------------------------------------+
|          |          |                    Latency                    |                    Interval                   |
+   RTL    +  Status  +-----------------------------------------------+-----------------------------------------------+
|          |          |      min      |      avg      |      max      |      min      |      avg      |      max      |
+----------+----------+-----------------------------------------------+-----------------------------------------------+
|      VHDL|        NA|             NA|             NA|             NA|             NA|             NA|             NA|
|   Verilog|      Pass|         511173|         511173|         511173|             NA|             NA|             NA|
+----------+----------+-----------------------------------------------+-----------------------------------------------+
