

================================================================
== Vivado HLS Report for 'calc'
================================================================
* Date:           Sat Jun  8 21:35:56 2019

* Version:        2019.1 (Build 2552052 on Fri May 24 15:28:33 MDT 2019)
* Project:        mandelbrotHLS
* Solution:       AXI
* Product family: artix7
* Target device:  xc7a100t-csg324-1


================================================================
== Performance Estimates
================================================================
+ Timing (ns): 
    * Summary: 
    +--------+-------+----------+------------+
    |  Clock | Target| Estimated| Uncertainty|
    +--------+-------+----------+------------+
    |ap_clk  |   6.00|     5.250|        0.75|
    +--------+-------+----------+------------+

+ Latency (clock cycles): 
    * Summary: 
    +-----+-------------+-----+-------------+---------+
    |      Latency      |      Interval     | Pipeline|
    | min |     max     | min |     max     |   Type  |
    +-----+-------------+-----+-------------+---------+
    |   47|  14538012527|   47|  14538012527|   none  |
    +-----+-------------+-----+-------------+---------+

    + Detail: 
        * Instance: 
        +------------------------+-------------+-----+-------+-----+-------+---------+
        |                        |             |   Latency   |   Interval  | Pipeline|
        |        Instance        |    Module   | min |  max  | min |  max  |   Type  |
        +------------------------+-------------+-----+-------+-----+-------+---------+
        |grp_mandel_calc_fu_336  |mandel_calc  |   22|  42043|   22|  42043|   none  |
        |grp_mandel_calc_fu_344  |mandel_calc  |   22|  42043|   22|  42043|   none  |
        |grp_mandel_calc_fu_352  |mandel_calc  |   22|  42043|   22|  42043|   none  |
        |grp_mandel_calc_fu_360  |mandel_calc  |   22|  42043|   22|  42043|   none  |
        |grp_mandel_calc_fu_376  |mandel_calc  |   22|  42043|   22|  42043|   none  |
        |grp_mandel_calc_fu_368  |mandel_calc  |   22|  42043|   22|  42043|   none  |
        |grp_mandel_calc_fu_320  |mandel_calc  |   22|  42043|   22|  42043|   none  |
        |grp_mandel_calc_fu_328  |mandel_calc  |   22|  42043|   22|  42043|   none  |
        +------------------------+-------------+-----+-------+-----+-------+---------+

        * Loop: 
        +----------+---------+-------------+-----------------+-----------+-----------+------------+----------+
        |          |        Latency        |    Iteration    |  Initiation Interval  |    Trip    |          |
        | Loop Name|   min   |     max     |     Latency     |  achieved |   target  |    Count   | Pipelined|
        +----------+---------+-------------+-----------------+-----------+-----------+------------+----------+
        |- y_for   |  4425216|  14538012480| 5762 ~ 10095842 |          -|          -| 768 ~ 1440 |    no    |
        | + x_for  |     5760|     10095840|    45 ~ 42066   |          -|          -|  128 ~ 240 |    no    |
        +----------+---------+-------------+-----------------+-----------+-----------+------------+----------+



================================================================
== Utilization Estimates
================================================================
* Summary: 
+-----------------+---------+-------+--------+-------+-----+
|       Name      | BRAM_18K| DSP48E|   FF   |  LUT  | URAM|
+-----------------+---------+-------+--------+-------+-----+
|DSP              |        -|      -|       -|      -|    -|
|Expression       |        -|      -|       0|   2380|    -|
|FIFO             |        -|      -|       -|      -|    -|
|Instance         |        2|    176|   20589|  21464|    -|
|Memory           |        -|      -|       -|      -|    -|
|Multiplexer      |        -|      -|       -|    949|    -|
|Register         |        -|      -|    1374|      -|    -|
+-----------------+---------+-------+--------+-------+-----+
|Total            |        2|    176|   21963|  24793|    0|
+-----------------+---------+-------+--------+-------+-----+
|Available        |      270|    240|  126800|  63400|    0|
+-----------------+---------+-------+--------+-------+-----+
|Utilization (%)  |    ~0   |     73|      17|     39|    0|
+-----------------+---------+-------+--------+-------+-----+

+ Detail: 
    * Instance: 
    +--------------------------+----------------------+---------+-------+------+------+-----+
    |         Instance         |        Module        | BRAM_18K| DSP48E|  FF  |  LUT | URAM|
    +--------------------------+----------------------+---------+-------+------+------+-----+
    |calc_buf_r_m_axi_U        |calc_buf_r_m_axi      |        2|      0|   537|   677|    0|
    |calc_in_parms_s_axi_U     |calc_in_parms_s_axi   |        0|      0|   261|   394|    0|
    |calc_mul_12ns_40sfYi_U14  |calc_mul_12ns_40sfYi  |        0|      2|   281|    19|    0|
    |calc_mul_12ns_40sfYi_U15  |calc_mul_12ns_40sfYi  |        0|      2|   281|    19|    0|
    |calc_mul_12ns_40sfYi_U16  |calc_mul_12ns_40sfYi  |        0|      2|   281|    19|    0|
    |calc_mul_12ns_40sfYi_U17  |calc_mul_12ns_40sfYi  |        0|      2|   281|    19|    0|
    |calc_mul_12ns_40sfYi_U18  |calc_mul_12ns_40sfYi  |        0|      2|   281|    19|    0|
    |calc_mul_12ns_40sfYi_U19  |calc_mul_12ns_40sfYi  |        0|      2|   281|    19|    0|
    |calc_mul_12ns_40sfYi_U20  |calc_mul_12ns_40sfYi  |        0|      2|   281|    19|    0|
    |calc_mul_12ns_40sfYi_U21  |calc_mul_12ns_40sfYi  |        0|      2|   281|    19|    0|
    |calc_sdiv_41ns_13eOg_U13  |calc_sdiv_41ns_13eOg  |        0|      0|   503|   305|    0|
    |grp_mandel_calc_fu_320    |mandel_calc           |        0|     20|  2130|  2492|    0|
    |grp_mandel_calc_fu_328    |mandel_calc           |        0|     20|  2130|  2492|    0|
    |grp_mandel_calc_fu_336    |mandel_calc           |        0|     20|  2130|  2492|    0|
    |grp_mandel_calc_fu_344    |mandel_calc           |        0|     20|  2130|  2492|    0|
    |grp_mandel_calc_fu_352    |mandel_calc           |        0|     20|  2130|  2492|    0|
    |grp_mandel_calc_fu_360    |mandel_calc           |        0|     20|  2130|  2492|    0|
    |grp_mandel_calc_fu_368    |mandel_calc           |        0|     20|  2130|  2492|    0|
    |grp_mandel_calc_fu_376    |mandel_calc           |        0|     20|  2130|  2492|    0|
    +--------------------------+----------------------+---------+-------+------+------+-----+
    |Total                     |                      |        2|    176| 20589| 21464|    0|
    +--------------------------+----------------------+---------+-------+------+------+-----+

    * DSP48E: 
    N/A

    * Memory: 
    N/A

    * FIFO: 
    N/A

    * Expression: 
    +----------------------------------+----------+-------+---+----+------------+------------+
    |           Variable Name          | Operation| DSP48E| FF| LUT| Bitwidth P0| Bitwidth P1|
    +----------------------------------+----------+-------+---+----+------------+------------+
    |add_ln1192_2_fu_881_p2            |     +    |      0|  0|  59|          52|          52|
    |add_ln1192_3_fu_927_p2            |     +    |      0|  0|  59|          52|          52|
    |add_ln1192_4_fu_973_p2            |     +    |      0|  0|  59|          52|          52|
    |add_ln1192_5_fu_1019_p2           |     +    |      0|  0|  59|          52|          52|
    |add_ln1192_6_fu_1065_p2           |     +    |      0|  0|  59|          52|          52|
    |add_ln1192_7_fu_1111_p2           |     +    |      0|  0|  59|          52|          52|
    |add_ln1192_fu_835_p2              |     +    |      0|  0|  59|          52|          52|
    |add_ln703_1_fu_847_p2             |     +    |      0|  0|  47|          40|          40|
    |add_ln703_2_fu_893_p2             |     +    |      0|  0|  47|          40|          40|
    |add_ln703_3_fu_939_p2             |     +    |      0|  0|  47|          40|          40|
    |add_ln703_4_fu_985_p2             |     +    |      0|  0|  47|          40|          40|
    |add_ln703_5_fu_1031_p2            |     +    |      0|  0|  47|          40|          40|
    |add_ln703_6_fu_1077_p2            |     +    |      0|  0|  47|          40|          40|
    |add_ln703_7_fu_1123_p2            |     +    |      0|  0|  47|          40|          40|
    |grp_fu_662_p2                     |     +    |      0|  0|  47|          40|          40|
    |grp_fu_789_p2                     |     +    |      0|  0|  59|          52|          52|
    |line_V_fu_528_p2                  |     +    |      0|  0|  19|          12|           1|
    |grp_fu_392_p2                     |     -    |      0|  0|  48|          41|          41|
    |sub_ln78_fu_678_p2                |     -    |      0|  0|  19|          12|          12|
    |and_ln785_1_fu_1322_p2            |    and   |      0|  0|   2|           1|           1|
    |and_ln785_2_fu_1306_p2            |    and   |      0|  0|   2|           1|           1|
    |and_ln785_3_fu_1376_p2            |    and   |      0|  0|   2|           1|           1|
    |and_ln785_4_fu_1446_p2            |    and   |      0|  0|   2|           1|           1|
    |and_ln785_5_fu_1516_p2            |    and   |      0|  0|   2|           1|           1|
    |and_ln785_6_fu_1586_p2            |    and   |      0|  0|   2|           1|           1|
    |and_ln785_7_fu_1656_p2            |    and   |      0|  0|   2|           1|           1|
    |and_ln785_fu_1236_p2              |    and   |      0|  0|   2|           1|           1|
    |and_ln786_12_fu_1252_p2           |    and   |      0|  0|   2|           1|           1|
    |and_ln786_14_fu_1392_p2           |    and   |      0|  0|   2|           1|           1|
    |and_ln786_15_fu_1462_p2           |    and   |      0|  0|   2|           1|           1|
    |and_ln786_16_fu_1532_p2           |    and   |      0|  0|   2|           1|           1|
    |and_ln786_17_fu_1602_p2           |    and   |      0|  0|   2|           1|           1|
    |and_ln786_18_fu_1672_p2           |    and   |      0|  0|   2|           1|           1|
    |grp_fu_1166_p2                    |    and   |      0|  0|   2|           1|           1|
    |grp_fu_1182_p2                    |    and   |      0|  0|   2|           1|           1|
    |icmp_ln785_1_fu_823_p2            |   icmp   |      0|  0|  13|          12|           1|
    |icmp_ln785_2_fu_829_p2            |   icmp   |      0|  0|  13|          12|           1|
    |icmp_ln785_3_fu_961_p2            |   icmp   |      0|  0|  13|          12|           1|
    |icmp_ln785_4_fu_1007_p2           |   icmp   |      0|  0|  13|          12|           1|
    |icmp_ln785_5_fu_1053_p2           |   icmp   |      0|  0|  13|          12|           1|
    |icmp_ln785_6_fu_1099_p2           |   icmp   |      0|  0|  13|          12|           1|
    |icmp_ln785_7_fu_1145_p2           |   icmp   |      0|  0|  13|          12|           1|
    |icmp_ln785_fu_517_p2              |   icmp   |      0|  0|  13|          12|           1|
    |icmp_ln786_1_fu_875_p2            |   icmp   |      0|  0|  13|          12|           2|
    |icmp_ln786_2_fu_921_p2            |   icmp   |      0|  0|  13|          12|           2|
    |icmp_ln786_3_fu_967_p2            |   icmp   |      0|  0|  13|          12|           2|
    |icmp_ln786_4_fu_1013_p2           |   icmp   |      0|  0|  13|          12|           2|
    |icmp_ln786_5_fu_1059_p2           |   icmp   |      0|  0|  13|          12|           2|
    |icmp_ln786_6_fu_1105_p2           |   icmp   |      0|  0|  13|          12|           2|
    |icmp_ln786_7_fu_1151_p2           |   icmp   |      0|  0|  13|          12|           2|
    |icmp_ln786_fu_533_p2              |   icmp   |      0|  0|  13|          12|           2|
    |icmp_ln78_fu_869_p2               |   icmp   |      0|  0|  13|          12|          12|
    |icmp_ln79_fu_915_p2               |   icmp   |      0|  0|  13|          12|          12|
    |ap_block_state48                  |    or    |      0|  0|   2|           1|           1|
    |ap_block_state58_on_subcall_done  |    or    |      0|  0|   2|           1|           1|
    |grp_fu_1199_p2                    |    or    |      0|  0|   2|           1|           1|
    |or_ln340_20_fu_1339_p2            |    or    |      0|  0|   2|           1|           1|
    |or_ln340_21_fu_1187_p2            |    or    |      0|  0|   2|           1|           1|
    |or_ln340_22_fu_1257_p2            |    or    |      0|  0|   2|           1|           1|
    |or_ln340_23_fu_1269_p2            |    or    |      0|  0|   2|           1|           1|
    |or_ln340_24_fu_1327_p2            |    or    |      0|  0|   2|           1|           1|
    |or_ln340_26_fu_1397_p2            |    or    |      0|  0|   2|           1|           1|
    |or_ln340_27_fu_1409_p2            |    or    |      0|  0|   2|           1|           1|
    |or_ln340_28_fu_1467_p2            |    or    |      0|  0|   2|           1|           1|
    |or_ln340_29_fu_1479_p2            |    or    |      0|  0|   2|           1|           1|
    |or_ln340_30_fu_1537_p2            |    or    |      0|  0|   2|           1|           1|
    |or_ln340_31_fu_1549_p2            |    or    |      0|  0|   2|           1|           1|
    |or_ln340_32_fu_1607_p2            |    or    |      0|  0|   2|           1|           1|
    |or_ln340_33_fu_1619_p2            |    or    |      0|  0|   2|           1|           1|
    |or_ln340_34_fu_1677_p2            |    or    |      0|  0|   2|           1|           1|
    |or_ln340_35_fu_1689_p2            |    or    |      0|  0|   2|           1|           1|
    |or_ln340_fu_445_p2                |    or    |      0|  0|   2|           1|           1|
    |or_ln700_1_fu_572_p2              |    or    |      0|  0|  12|          12|           2|
    |or_ln700_2_fu_587_p2              |    or    |      0|  0|  12|          12|           2|
    |or_ln700_3_fu_602_p2              |    or    |      0|  0|  12|          12|           3|
    |or_ln700_4_fu_617_p2              |    or    |      0|  0|  12|          12|           3|
    |or_ln700_5_fu_632_p2              |    or    |      0|  0|  12|          12|           3|
    |or_ln700_6_fu_647_p2              |    or    |      0|  0|  12|          12|           3|
    |or_ln700_fu_557_p2                |    or    |      0|  0|  12|          12|           1|
    |or_ln785_10_fu_1507_p2            |    or    |      0|  0|   2|           1|           1|
    |or_ln785_11_fu_1577_p2            |    or    |      0|  0|   2|           1|           1|
    |or_ln785_12_fu_1647_p2            |    or    |      0|  0|   2|           1|           1|
    |or_ln785_6_fu_1227_p2             |    or    |      0|  0|   2|           1|           1|
    |or_ln785_7_fu_1297_p2             |    or    |      0|  0|   2|           1|           1|
    |or_ln785_8_fu_1367_p2             |    or    |      0|  0|   2|           1|           1|
    |or_ln785_9_fu_1437_p2             |    or    |      0|  0|   2|           1|           1|
    |or_ln785_fu_1157_p2               |    or    |      0|  0|   2|           1|           1|
    |or_ln786_1_fu_1247_p2             |    or    |      0|  0|   2|           1|           1|
    |or_ln786_2_fu_1317_p2             |    or    |      0|  0|   2|           1|           1|
    |or_ln786_3_fu_1387_p2             |    or    |      0|  0|   2|           1|           1|
    |or_ln786_4_fu_1457_p2             |    or    |      0|  0|   2|           1|           1|
    |or_ln786_5_fu_1527_p2             |    or    |      0|  0|   2|           1|           1|
    |or_ln786_6_fu_1597_p2             |    or    |      0|  0|   2|           1|           1|
    |or_ln786_7_fu_1667_p2             |    or    |      0|  0|   2|           1|           1|
    |or_ln786_fu_1177_p2               |    or    |      0|  0|   2|           1|           1|
    |grp_fu_1219_p3                    |  select  |      0|  0|  40|           1|          39|
    |grp_fu_1275_p3                    |  select  |      0|  0|  40|           1|          40|
    |grp_fu_1359_p3                    |  select  |      0|  0|  40|           1|          40|
    |grp_fu_457_p3                     |  select  |      0|  0|  41|           1|          41|
    |grp_fu_733_p3                     |  select  |      0|  0|  40|           1|          39|
    |grp_fu_741_p3                     |  select  |      0|  0|  41|           1|          41|
    |select_ln340_11_fu_464_p3         |  select  |      0|  0|  40|           1|          39|
    |select_ln340_12_fu_1485_p3        |  select  |      0|  0|  40|           1|          39|
    |select_ln340_13_fu_1555_p3        |  select  |      0|  0|  40|           1|          39|
    |select_ln340_14_fu_1625_p3        |  select  |      0|  0|  40|           1|          39|
    |select_ln340_15_fu_1695_p3        |  select  |      0|  0|  40|           1|          39|
    |select_ln340_19_fu_1415_p3        |  select  |      0|  0|  40|           1|          40|
    |select_ln340_21_fu_1429_p3        |  select  |      0|  0|  40|           1|          40|
    |select_ln340_22_fu_1499_p3        |  select  |      0|  0|  40|           1|          40|
    |select_ln340_23_fu_1569_p3        |  select  |      0|  0|  40|           1|          40|
    |select_ln340_24_fu_1639_p3        |  select  |      0|  0|  40|           1|          40|
    |select_ln340_25_fu_1709_p3        |  select  |      0|  0|  40|           1|          40|
    |select_ln340_9_fu_1352_p3         |  select  |      0|  0|  40|           1|          39|
    |select_ln388_11_fu_1422_p3        |  select  |      0|  0|  41|           1|          41|
    |select_ln388_12_fu_1492_p3        |  select  |      0|  0|  41|           1|          41|
    |select_ln388_13_fu_1562_p3        |  select  |      0|  0|  41|           1|          41|
    |select_ln388_14_fu_1632_p3        |  select  |      0|  0|  41|           1|          41|
    |select_ln388_15_fu_1702_p3        |  select  |      0|  0|  41|           1|          41|
    |select_ln388_9_fu_1345_p3         |  select  |      0|  0|  41|           1|          41|
    |grp_fu_1333_p2                    |    xor   |      0|  0|   2|           1|           2|
    |xor_ln340_10_fu_1543_p2           |    xor   |      0|  0|   2|           2|           1|
    |xor_ln340_11_fu_1613_p2           |    xor   |      0|  0|   2|           2|           1|
    |xor_ln340_12_fu_1683_p2           |    xor   |      0|  0|   2|           2|           1|
    |xor_ln340_2_fu_436_p2             |    xor   |      0|  0|   2|           1|           1|
    |xor_ln340_3_fu_715_p2             |    xor   |      0|  0|   2|           1|           1|
    |xor_ln340_5_fu_1193_p2            |    xor   |      0|  0|   2|           1|           2|
    |xor_ln340_6_fu_1263_p2            |    xor   |      0|  0|   2|           2|           1|
    |xor_ln340_8_fu_1403_p2            |    xor   |      0|  0|   2|           2|           1|
    |xor_ln340_9_fu_1473_p2            |    xor   |      0|  0|   2|           2|           1|
    |xor_ln340_fu_440_p2               |    xor   |      0|  0|   2|           1|           2|
    |xor_ln785_11_fu_1231_p2           |    xor   |      0|  0|   2|           1|           2|
    |xor_ln785_12_fu_1301_p2           |    xor   |      0|  0|   2|           1|           2|
    |xor_ln785_13_fu_1371_p2           |    xor   |      0|  0|   2|           1|           2|
    |xor_ln785_14_fu_1441_p2           |    xor   |      0|  0|   2|           1|           2|
    |xor_ln785_15_fu_1511_p2           |    xor   |      0|  0|   2|           1|           2|
    |xor_ln785_16_fu_1581_p2           |    xor   |      0|  0|   2|           1|           2|
    |xor_ln785_17_fu_1651_p2           |    xor   |      0|  0|   2|           1|           2|
    |xor_ln785_fu_1161_p2              |    xor   |      0|  0|   2|           1|           2|
    |xor_ln786_10_fu_1312_p2           |    xor   |      0|  0|   2|           1|           2|
    |xor_ln786_11_fu_1382_p2           |    xor   |      0|  0|   2|           1|           2|
    |xor_ln786_12_fu_1452_p2           |    xor   |      0|  0|   2|           1|           2|
    |xor_ln786_13_fu_1522_p2           |    xor   |      0|  0|   2|           1|           2|
    |xor_ln786_14_fu_1592_p2           |    xor   |      0|  0|   2|           1|           2|
    |xor_ln786_15_fu_1662_p2           |    xor   |      0|  0|   2|           1|           2|
    |xor_ln786_7_fu_703_p2             |    xor   |      0|  0|   2|           1|           2|
    |xor_ln786_8_fu_1172_p2            |    xor   |      0|  0|   2|           1|           2|
    |xor_ln786_9_fu_1242_p2            |    xor   |      0|  0|   2|           1|           2|
    |xor_ln786_fu_426_p2               |    xor   |      0|  0|   2|           1|           2|
    +----------------------------------+----------+-------+---+----+------------+------------+
    |Total                             |          |      0|  0|2380|        1211|        1916|
    +----------------------------------+----------+-------+---+----+------------+------------+

    * Multiplexer: 
    +-------------------+-----+-----------+-----+-----------+
    |        Name       | LUT | Input Size| Bits| Total Bits|
    +-------------------+-----+-----------+-----+-----------+
    |ap_NS_fsm          |  321|         72|    1|         72|
    |buf_r_WDATA        |   44|          9|   16|        144|
    |buf_r_blk_n_AW     |    9|          2|    1|          2|
    |buf_r_blk_n_B      |    9|          2|    1|          2|
    |buf_r_blk_n_W      |    9|          2|    1|          2|
    |grp_fu_1166_p0     |   15|          3|    1|          3|
    |grp_fu_1166_p1     |   15|          3|    1|          3|
    |grp_fu_1182_p0     |   15|          3|    1|          3|
    |grp_fu_1182_p1     |   15|          3|    1|          3|
    |grp_fu_1199_p0     |   15|          3|    1|          3|
    |grp_fu_1219_p0     |   15|          3|    1|          3|
    |grp_fu_1219_p2     |   15|          3|   40|        120|
    |grp_fu_1333_p0     |   15|          3|    1|          3|
    |grp_fu_1359_p0     |   15|          3|    1|          3|
    |grp_fu_392_p0      |   15|          3|   41|        123|
    |grp_fu_392_p1      |   15|          3|   41|        123|
    |grp_fu_662_p0      |   15|          3|   40|        120|
    |grp_fu_662_p1      |   15|          3|   40|        120|
    |grp_fu_733_p0      |   15|          3|    1|          3|
    |grp_fu_741_p2      |   15|          3|   40|        120|
    |grp_fu_789_p0      |   21|          4|   52|        208|
    |grp_fu_789_p1      |   21|          4|   52|        208|
    |index_0_reg_289    |    9|          2|   24|         48|
    |index_1_0_reg_311  |    9|          2|   32|         64|
    |p_Val2_30_reg_268  |    9|          2|   40|         80|
    |reg_1759           |   38|          7|   52|        364|
    |reg_1849           |   27|          5|   52|        260|
    |reg_1867           |   27|          5|   52|        260|
    |reg_1912           |    9|          2|   40|         80|
    |reg_1917           |   27|          5|   52|        260|
    |reg_1947           |   27|          5|   52|        260|
    |reg_1957           |   27|          5|   52|        260|
    |reg_1967           |   27|          5|   52|        260|
    |reg_1977           |   21|          4|   40|        160|
    |reg_1987           |   15|          3|   52|        156|
    |t_V_1_reg_278      |    9|          2|   12|         24|
    |tmp_V_1_0_reg_300  |    9|          2|   12|         24|
    +-------------------+-----+-----------+-----+-----------+
    |Total              |  949|        196|  991|       3951|
    +-------------------+-----+-----------+-----+-----------+

    * Register: 
    +-------------------------------------+----+----+-----+-----------+
    |                 Name                | FF | LUT| Bits| Const Bits|
    +-------------------------------------+----+----+-----+-----------+
    |X0_V_read_reg_1742                   |  40|   0|   40|          0|
    |Y0_V_read_reg_1737                   |  40|   0|   40|          0|
    |add_ln700_reg_1907                   |  12|   0|   12|          0|
    |ap_CS_fsm                            |  71|   0|   71|          0|
    |buf_addr_reg_1854                    |  32|   0|   32|          0|
    |grp_mandel_calc_fu_320_ap_start_reg  |   1|   0|    1|          0|
    |grp_mandel_calc_fu_328_ap_start_reg  |   1|   0|    1|          0|
    |grp_mandel_calc_fu_336_ap_start_reg  |   1|   0|    1|          0|
    |grp_mandel_calc_fu_344_ap_start_reg  |   1|   0|    1|          0|
    |grp_mandel_calc_fu_352_ap_start_reg  |   1|   0|    1|          0|
    |grp_mandel_calc_fu_360_ap_start_reg  |   1|   0|    1|          0|
    |grp_mandel_calc_fu_368_ap_start_reg  |   1|   0|    1|          0|
    |grp_mandel_calc_fu_376_ap_start_reg  |   1|   0|    1|          0|
    |icmp_ln785_1_reg_2043                |   1|   0|    1|          0|
    |icmp_ln785_2_reg_2071                |   1|   0|    1|          0|
    |icmp_ln785_3_reg_2099                |   1|   0|    1|          0|
    |icmp_ln785_4_reg_2127                |   1|   0|    1|          0|
    |icmp_ln785_5_reg_2155                |   1|   0|    1|          0|
    |icmp_ln785_6_reg_2183                |   1|   0|    1|          0|
    |icmp_ln785_7_reg_2211                |   1|   0|    1|          0|
    |icmp_ln785_reg_2015                  |   1|   0|    1|          0|
    |icmp_ln786_1_reg_2048                |   1|   0|    1|          0|
    |icmp_ln786_2_reg_2076                |   1|   0|    1|          0|
    |icmp_ln786_3_reg_2104                |   1|   0|    1|          0|
    |icmp_ln786_4_reg_2132                |   1|   0|    1|          0|
    |icmp_ln786_5_reg_2160                |   1|   0|    1|          0|
    |icmp_ln786_6_reg_2188                |   1|   0|    1|          0|
    |icmp_ln786_7_reg_2216                |   1|   0|    1|          0|
    |icmp_ln786_reg_2020                  |   1|   0|    1|          0|
    |index_0_reg_289                      |  24|   0|   24|          0|
    |index_1_0_reg_311                    |  32|   0|   32|          0|
    |index_reg_1841                       |  24|   0|   24|          0|
    |line_V_reg_1836                      |  12|   0|   12|          0|
    |maxIter_read_reg_1717                |  16|   0|   16|          0|
    |maxWidth_V_1_data_reg                |   4|   0|   12|          8|
    |maxWidth_V_1_state                   |   0|   0|    2|          2|
    |maxWidth_V_1_vld_reg                 |   1|   0|    1|          0|
    |p_Result_21_reg_1782                 |   1|   0|    1|          0|
    |p_Result_s_reg_1769                  |   1|   0|    1|          0|
    |p_Val2_30_reg_268                    |  40|   0|   40|          0|
    |reg_1759                             |  52|   0|   52|          0|
    |reg_1849                             |  52|   0|   52|          0|
    |reg_1867                             |  52|   0|   52|          0|
    |reg_1912                             |  40|   0|   40|          0|
    |reg_1917                             |  52|   0|   52|          0|
    |reg_1947                             |  52|   0|   52|          0|
    |reg_1957                             |  52|   0|   52|          0|
    |reg_1967                             |  52|   0|   52|          0|
    |reg_1977                             |  40|   0|   40|          0|
    |reg_1987                             |  52|   0|   52|          0|
    |rhs_V_4_reg_1794                     |  41|   0|   41|          0|
    |setup_read_reg_1755                  |   1|   0|    1|          0|
    |sext_ln1118_reg_1806                 |  52|   0|   52|          0|
    |sext_ln78_reg_1816                   |  52|   0|   52|          0|
    |sub_ln78_reg_1764                    |  12|   0|   12|          0|
    |t_V_1_reg_278                        |  12|   0|   12|          0|
    |tmp_48_reg_1997                      |   1|   0|    1|          0|
    |tmp_49_reg_2009                      |   1|   0|    1|          0|
    |tmp_50_reg_2025                      |   1|   0|    1|          0|
    |tmp_51_reg_2037                      |   1|   0|    1|          0|
    |tmp_52_reg_2053                      |   1|   0|    1|          0|
    |tmp_53_reg_2065                      |   1|   0|    1|          0|
    |tmp_54_reg_2081                      |   1|   0|    1|          0|
    |tmp_55_reg_2093                      |   1|   0|    1|          0|
    |tmp_56_reg_2109                      |   1|   0|    1|          0|
    |tmp_57_reg_2121                      |   1|   0|    1|          0|
    |tmp_58_reg_2137                      |   1|   0|    1|          0|
    |tmp_59_reg_2149                      |   1|   0|    1|          0|
    |tmp_60_reg_2165                      |   1|   0|    1|          0|
    |tmp_61_reg_2177                      |   1|   0|    1|          0|
    |tmp_62_reg_2193                      |   1|   0|    1|          0|
    |tmp_63_reg_2205                      |   1|   0|    1|          0|
    |tmp_V_1_0_reg_300                    |  12|   0|   12|          0|
    |trunc_ln1192_1_reg_2199              |  40|   0|   40|          0|
    |trunc_ln1192_2_reg_1942              |  40|   0|   40|          0|
    |trunc_ln1192_3_reg_1952              |  40|   0|   40|          0|
    |trunc_ln1192_4_reg_1962              |  40|   0|   40|          0|
    |trunc_ln1192_5_reg_1972              |  40|   0|   40|          0|
    |trunc_ln1192_6_reg_1982              |  40|   0|   40|          0|
    |trunc_ln1192_7_reg_1992              |  40|   0|   40|          0|
    |unroll_1_data_reg                    |   1|   0|   16|         15|
    |unroll_1_state                       |   0|   0|    2|          2|
    |unroll_1_vld_reg                     |   1|   0|    1|          0|
    |width_V_read_reg_1729                |  12|   0|   12|          0|
    |zext_ln703_reg_1811                  |  12|   0|   24|         12|
    +-------------------------------------+----+----+-----+-----------+
    |Total                                |1374|   0| 1413|         39|
    +-------------------------------------+----+----+-----+-----------+



================================================================
== Interface
================================================================
* Summary: 
+------------------------+-----+-----+------------+--------------+--------------+
|        RTL Ports       | Dir | Bits|  Protocol  | Source Object|    C Type    |
+------------------------+-----+-----+------------+--------------+--------------+
|s_axi_in_parms_AWVALID  |  in |    1|    s_axi   |   in_parms   |    scalar    |
|s_axi_in_parms_AWREADY  | out |    1|    s_axi   |   in_parms   |    scalar    |
|s_axi_in_parms_AWADDR   |  in |    7|    s_axi   |   in_parms   |    scalar    |
|s_axi_in_parms_WVALID   |  in |    1|    s_axi   |   in_parms   |    scalar    |
|s_axi_in_parms_WREADY   | out |    1|    s_axi   |   in_parms   |    scalar    |
|s_axi_in_parms_WDATA    |  in |   32|    s_axi   |   in_parms   |    scalar    |
|s_axi_in_parms_WSTRB    |  in |    4|    s_axi   |   in_parms   |    scalar    |
|s_axi_in_parms_ARVALID  |  in |    1|    s_axi   |   in_parms   |    scalar    |
|s_axi_in_parms_ARREADY  | out |    1|    s_axi   |   in_parms   |    scalar    |
|s_axi_in_parms_ARADDR   |  in |    7|    s_axi   |   in_parms   |    scalar    |
|s_axi_in_parms_RVALID   | out |    1|    s_axi   |   in_parms   |    scalar    |
|s_axi_in_parms_RREADY   |  in |    1|    s_axi   |   in_parms   |    scalar    |
|s_axi_in_parms_RDATA    | out |   32|    s_axi   |   in_parms   |    scalar    |
|s_axi_in_parms_RRESP    | out |    2|    s_axi   |   in_parms   |    scalar    |
|s_axi_in_parms_BVALID   | out |    1|    s_axi   |   in_parms   |    scalar    |
|s_axi_in_parms_BREADY   |  in |    1|    s_axi   |   in_parms   |    scalar    |
|s_axi_in_parms_BRESP    | out |    2|    s_axi   |   in_parms   |    scalar    |
|ap_clk                  |  in |    1| ap_ctrl_hs |     calc     | return value |
|ap_rst_n                |  in |    1| ap_ctrl_hs |     calc     | return value |
|interrupt               | out |    1| ap_ctrl_hs |     calc     | return value |
|m_axi_buf_r_AWVALID     | out |    1|    m_axi   |     buf_r    |    pointer   |
|m_axi_buf_r_AWREADY     |  in |    1|    m_axi   |     buf_r    |    pointer   |
|m_axi_buf_r_AWADDR      | out |   32|    m_axi   |     buf_r    |    pointer   |
|m_axi_buf_r_AWID        | out |    1|    m_axi   |     buf_r    |    pointer   |
|m_axi_buf_r_AWLEN       | out |    8|    m_axi   |     buf_r    |    pointer   |
|m_axi_buf_r_AWSIZE      | out |    3|    m_axi   |     buf_r    |    pointer   |
|m_axi_buf_r_AWBURST     | out |    2|    m_axi   |     buf_r    |    pointer   |
|m_axi_buf_r_AWLOCK      | out |    2|    m_axi   |     buf_r    |    pointer   |
|m_axi_buf_r_AWCACHE     | out |    4|    m_axi   |     buf_r    |    pointer   |
|m_axi_buf_r_AWPROT      | out |    3|    m_axi   |     buf_r    |    pointer   |
|m_axi_buf_r_AWQOS       | out |    4|    m_axi   |     buf_r    |    pointer   |
|m_axi_buf_r_AWREGION    | out |    4|    m_axi   |     buf_r    |    pointer   |
|m_axi_buf_r_AWUSER      | out |    1|    m_axi   |     buf_r    |    pointer   |
|m_axi_buf_r_WVALID      | out |    1|    m_axi   |     buf_r    |    pointer   |
|m_axi_buf_r_WREADY      |  in |    1|    m_axi   |     buf_r    |    pointer   |
|m_axi_buf_r_WDATA       | out |   32|    m_axi   |     buf_r    |    pointer   |
|m_axi_buf_r_WSTRB       | out |    4|    m_axi   |     buf_r    |    pointer   |
|m_axi_buf_r_WLAST       | out |    1|    m_axi   |     buf_r    |    pointer   |
|m_axi_buf_r_WID         | out |    1|    m_axi   |     buf_r    |    pointer   |
|m_axi_buf_r_WUSER       | out |    1|    m_axi   |     buf_r    |    pointer   |
|m_axi_buf_r_ARVALID     | out |    1|    m_axi   |     buf_r    |    pointer   |
|m_axi_buf_r_ARREADY     |  in |    1|    m_axi   |     buf_r    |    pointer   |
|m_axi_buf_r_ARADDR      | out |   32|    m_axi   |     buf_r    |    pointer   |
|m_axi_buf_r_ARID        | out |    1|    m_axi   |     buf_r    |    pointer   |
|m_axi_buf_r_ARLEN       | out |    8|    m_axi   |     buf_r    |    pointer   |
|m_axi_buf_r_ARSIZE      | out |    3|    m_axi   |     buf_r    |    pointer   |
|m_axi_buf_r_ARBURST     | out |    2|    m_axi   |     buf_r    |    pointer   |
|m_axi_buf_r_ARLOCK      | out |    2|    m_axi   |     buf_r    |    pointer   |
|m_axi_buf_r_ARCACHE     | out |    4|    m_axi   |     buf_r    |    pointer   |
|m_axi_buf_r_ARPROT      | out |    3|    m_axi   |     buf_r    |    pointer   |
|m_axi_buf_r_ARQOS       | out |    4|    m_axi   |     buf_r    |    pointer   |
|m_axi_buf_r_ARREGION    | out |    4|    m_axi   |     buf_r    |    pointer   |
|m_axi_buf_r_ARUSER      | out |    1|    m_axi   |     buf_r    |    pointer   |
|m_axi_buf_r_RVALID      |  in |    1|    m_axi   |     buf_r    |    pointer   |
|m_axi_buf_r_RREADY      | out |    1|    m_axi   |     buf_r    |    pointer   |
|m_axi_buf_r_RDATA       |  in |   32|    m_axi   |     buf_r    |    pointer   |
|m_axi_buf_r_RLAST       |  in |    1|    m_axi   |     buf_r    |    pointer   |
|m_axi_buf_r_RID         |  in |    1|    m_axi   |     buf_r    |    pointer   |
|m_axi_buf_r_RUSER       |  in |    1|    m_axi   |     buf_r    |    pointer   |
|m_axi_buf_r_RRESP       |  in |    2|    m_axi   |     buf_r    |    pointer   |
|m_axi_buf_r_BVALID      |  in |    1|    m_axi   |     buf_r    |    pointer   |
|m_axi_buf_r_BREADY      | out |    1|    m_axi   |     buf_r    |    pointer   |
|m_axi_buf_r_BRESP       |  in |    2|    m_axi   |     buf_r    |    pointer   |
|m_axi_buf_r_BID         |  in |    1|    m_axi   |     buf_r    |    pointer   |
|m_axi_buf_r_BUSER       |  in |    1|    m_axi   |     buf_r    |    pointer   |
+------------------------+-----+-----+------------+--------------+--------------+

