

================================================================
== Vivado HLS Report for 'mandel_calc'
================================================================
* Date:           Tue Jun  4 11:20:04 2019

* Version:        2019.1 (Build 2552052 on Fri May 24 15:28:33 MDT 2019)
* Project:        mandelbrotHLS
* Solution:       AXI
* Product family: artix7
* Target device:  xc7a100t-csg324-1


================================================================
== Performance Estimates
================================================================
+ Timing (ns): 
    * Summary: 
    +--------+-------+----------+------------+
    |  Clock | Target| Estimated| Uncertainty|
    +--------+-------+----------+------------+
    |ap_clk  |   8.00|     6.427|        1.50|
    +--------+-------+----------+------------+

+ Latency (clock cycles): 
    * Summary: 
    +-----+-------+-----+-------+---------+
    |   Latency   |   Interval  | Pipeline|
    | min |  max  | min |  max  |   Type  |
    +-----+-------+-----+-------+---------+
    |   13|  26026|   13|  26026|   none  |
    +-----+-------+-----+-------+---------+

    + Detail: 
        * Instance: 
        +--------------------+---------+-----+-----+-----+-----+---------+
        |                    |         |  Latency  |  Interval | Pipeline|
        |      Instance      |  Module | min | max | min | max |   Type  |
        +--------------------+---------+-----+-----+-----+-----+---------+
        |grp_pretest_fu_185  |pretest  |   11|   11|   11|   11|   none  |
        +--------------------+---------+-----+-----+-----+-----+---------+

        * Loop: 
        +--------------------+-----+-------+----------+-----------+-----------+----------+----------+
        |                    |   Latency   | Iteration|  Initiation Interval  |   Trip   |          |
        |      Loop Name     | min |  max  |  Latency |  achieved |   target  |   Count  | Pipelined|
        +--------------------+-----+-------+----------+-----------+-----------+----------+----------+
        |- mandel_calc_loop  |    0|  26012|        13|          -|          -| 0 ~ 2000 |    no    |
        +--------------------+-----+-------+----------+-----------+-----------+----------+----------+



================================================================
== Utilization Estimates
================================================================
* Summary: 
+-----------------+---------+-------+--------+-------+-----+
|       Name      | BRAM_18K| DSP48E|   FF   |  LUT  | URAM|
+-----------------+---------+-------+--------+-------+-----+
|DSP              |        -|      -|       -|      -|    -|
|Expression       |        -|      -|       0|    906|    -|
|FIFO             |        -|      -|       -|      -|    -|
|Instance         |        -|     16|    1278|   1439|    -|
|Memory           |        -|      -|       -|      -|    -|
|Multiplexer      |        -|      -|       -|    377|    -|
|Register         |        -|      -|     585|      -|    -|
+-----------------+---------+-------+--------+-------+-----+
|Total            |        0|     16|    1863|   2722|    0|
+-----------------+---------+-------+--------+-------+-----+
|Available        |      270|    240|  126800|  63400|    0|
+-----------------+---------+-------+--------+-------+-----+
|Utilization (%)  |        0|      6|       1|      4|    0|
+-----------------+---------+-------+--------+-------+-----+

+ Detail: 
    * Instance: 
    +-------------------------+----------------------+---------+-------+-----+------+-----+
    |         Instance        |        Module        | BRAM_18K| DSP48E|  FF |  LUT | URAM|
    +-------------------------+----------------------+---------+-------+-----+------+-----+
    |calc_mul_36s_36s_bkb_U7  |calc_mul_36s_36s_bkb  |        0|      4|  224|    84|    0|
    |calc_mul_36s_37s_dEe_U8  |calc_mul_36s_37s_dEe  |        0|      4|  232|   120|    0|
    |grp_pretest_fu_185       |pretest               |        0|      8|  822|  1235|    0|
    +-------------------------+----------------------+---------+-------+-----+------+-----+
    |Total                    |                      |        0|     16| 1278|  1439|    0|
    +-------------------------+----------------------+---------+-------+-----+------+-----+

    * DSP48E: 
    N/A

    * Memory: 
    N/A

    * FIFO: 
    N/A

    * Expression: 
    +------------------------------+----------+-------+---+----+------------+------------+
    |         Variable Name        | Operation| DSP48E| FF| LUT| Bitwidth P0| Bitwidth P1|
    +------------------------------+----------+-------+---+----+------------+------------+
    |grp_fu_736_p2                 |     +    |      0|  0|  44|          37|          37|
    |grp_fu_909_p2                 |     +    |      0|  0|  80|          73|          73|
    |iter_fu_387_p2                |     +    |      0|  0|  23|          16|           1|
    |ret_V_11_fu_747_p2            |     -    |      0|  0|  44|          37|          37|
    |and_ln38_fu_1165_p2           |    and   |      0|  0|   2|           1|           1|
    |and_ln412_2_fu_474_p2         |    and   |      0|  0|   2|           1|           1|
    |and_ln412_3_fu_999_p2         |    and   |      0|  0|   2|           1|           1|
    |and_ln412_fu_434_p2           |    and   |      0|  0|   2|           1|           1|
    |and_ln779_2_fu_571_p2         |    and   |      0|  0|   2|           1|           1|
    |and_ln779_3_fu_1056_p2        |    and   |      0|  0|   2|           1|           1|
    |and_ln779_fu_377_p2           |    and   |      0|  0|   2|           1|           1|
    |and_ln781_2_fu_583_p2         |    and   |      0|  0|   2|           1|           1|
    |and_ln781_3_fu_1068_p2        |    and   |      0|  0|   2|           1|           1|
    |and_ln781_fu_456_p2           |    and   |      0|  0|   2|           1|           1|
    |and_ln786_10_fu_1073_p2       |    and   |      0|  0|   2|           1|           1|
    |and_ln786_7_fu_593_p2         |    and   |      0|  0|   2|           1|           1|
    |and_ln786_fu_446_p2           |    and   |      0|  0|   2|           1|           1|
    |carry_4_fu_407_p2             |    and   |      0|  0|   2|           1|           1|
    |carry_6_fu_544_p2             |    and   |      0|  0|   2|           1|           1|
    |carry_8_fu_1029_p2            |    and   |      0|  0|   2|           1|           1|
    |overflow_3_fu_688_p2          |    and   |      0|  0|   2|           1|           1|
    |overflow_4_fu_832_p2          |    and   |      0|  0|   2|           1|           1|
    |overflow_5_fu_1100_p2         |    and   |      0|  0|   2|           1|           1|
    |overflow_fu_632_p2            |    and   |      0|  0|   2|           1|           1|
    |underflow_4_fu_611_p2         |    and   |      0|  0|   2|           1|           1|
    |underflow_5_fu_854_p2         |    and   |      0|  0|   2|           1|           1|
    |underflow_6_fu_1116_p2        |    and   |      0|  0|   2|           1|           1|
    |underflow_fu_514_p2           |    and   |      0|  0|   2|           1|           1|
    |Range1_all_ones_3_fu_332_p2   |   icmp   |      0|  0|   9|           4|           2|
    |Range1_all_ones_4_fu_952_p2   |   icmp   |      0|  0|  11|           5|           2|
    |Range1_all_ones_fu_312_p2     |   icmp   |      0|  0|   9|           4|           2|
    |Range1_all_zeros_2_fu_337_p2  |   icmp   |      0|  0|   9|           4|           1|
    |Range1_all_zeros_3_fu_958_p2  |   icmp   |      0|  0|  11|           5|           1|
    |Range1_all_zeros_fu_317_p2    |   icmp   |      0|  0|   9|           4|           1|
    |Range2_all_ones_2_fu_327_p2   |   icmp   |      0|  0|   9|           3|           2|
    |Range2_all_ones_3_fu_936_p2   |   icmp   |      0|  0|   9|           4|           2|
    |Range2_all_ones_fu_307_p2     |   icmp   |      0|  0|   9|           3|           2|
    |grp_fu_921_p2                 |   icmp   |      0|  0|  18|          31|           1|
    |icmp_ln1497_fu_742_p2         |   icmp   |      0|  0|  21|          37|          35|
    |icmp_ln1498_1_fu_1159_p2      |   icmp   |      0|  0|  21|          36|          36|
    |icmp_ln1498_fu_899_p2         |   icmp   |      0|  0|  21|          36|          36|
    |icmp_ln29_fu_302_p2           |   icmp   |      0|  0|  13|          16|          16|
    |icmp_ln785_fu_817_p2          |   icmp   |      0|  0|   8|           2|           1|
    |icmp_ln786_fu_843_p2          |   icmp   |      0|  0|   8|           2|           2|
    |r_4_fu_207_p2                 |   icmp   |      0|  0|  18|          31|           1|
    |or_ln340_10_fu_646_p2         |    or    |      0|  0|   2|           1|           1|
    |or_ln340_11_fu_693_p2         |    or    |      0|  0|   2|           1|           1|
    |or_ln340_12_fu_698_p2         |    or    |      0|  0|   2|           1|           1|
    |or_ln340_13_fu_702_p2         |    or    |      0|  0|   2|           1|           1|
    |or_ln340_14_fu_859_p2         |    or    |      0|  0|   2|           1|           1|
    |or_ln340_15_fu_871_p2         |    or    |      0|  0|   2|           1|           1|
    |or_ln340_16_fu_1121_p2        |    or    |      0|  0|   2|           1|           1|
    |or_ln340_17_fu_1127_p2        |    or    |      0|  0|   2|           1|           1|
    |or_ln340_18_fu_1132_p2        |    or    |      0|  0|   2|           1|           1|
    |or_ln340_9_fu_642_p2          |    or    |      0|  0|   2|           1|           1|
    |or_ln340_fu_637_p2            |    or    |      0|  0|   2|           1|           1|
    |or_ln412_1_fu_987_p2          |    or    |      0|  0|   2|           1|           1|
    |or_ln412_fu_365_p2            |    or    |      0|  0|   2|           1|           1|
    |or_ln785_3_fu_683_p2          |    or    |      0|  0|   2|           1|           1|
    |or_ln785_4_fu_822_p2          |    or    |      0|  0|   2|           1|           1|
    |or_ln785_5_fu_1090_p2         |    or    |      0|  0|   2|           1|           1|
    |or_ln785_fu_627_p2            |    or    |      0|  0|   2|           1|           1|
    |or_ln786_2_fu_462_p2          |    or    |      0|  0|   2|           1|           1|
    |or_ln786_3_fu_599_p2          |    or    |      0|  0|   2|           1|           1|
    |or_ln786_4_fu_1106_p2         |    or    |      0|  0|   2|           1|           1|
    |or_ln786_fu_848_p2            |    or    |      0|  0|   2|           1|           1|
    |r_fu_502_p2                   |    or    |      0|  0|   2|           1|           1|
    |deleted_ones_3_fu_439_p3      |  select  |      0|  0|   2|           1|           1|
    |deleted_ones_4_fu_1061_p3     |  select  |      0|  0|   2|           1|           1|
    |deleted_ones_fu_576_p3        |  select  |      0|  0|   2|           1|           1|
    |deleted_zeros_2_fu_672_p3     |  select  |      0|  0|   2|           1|           1|
    |deleted_zeros_3_fu_1079_p3    |  select  |      0|  0|   2|           1|           1|
    |deleted_zeros_fu_616_p3       |  select  |      0|  0|   2|           1|           1|
    |grp_fu_1137_p3                |  select  |      0|  0|  36|           1|          35|
    |grp_fu_877_p3                 |  select  |      0|  0|  36|           1|          35|
    |p_Val2_20_fu_664_p3           |  select  |      0|  0|  36|           1|          36|
    |p_Val2_21_fu_720_p3           |  select  |      0|  0|  36|           1|          36|
    |select_ln388_4_fu_714_p3      |  select  |      0|  0|  37|           1|          37|
    |select_ln388_5_fu_884_p3      |  select  |      0|  0|  37|           1|          37|
    |select_ln388_6_fu_1144_p3     |  select  |      0|  0|  37|           1|          37|
    |select_ln388_fu_658_p3        |  select  |      0|  0|  37|           1|          37|
    |x_V_fu_891_p3                 |  select  |      0|  0|  36|           1|          36|
    |y_V_fu_1151_p3                |  select  |      0|  0|  36|           1|          36|
    |grp_fu_1023_p2                |    xor   |      0|  0|   2|           1|           2|
    |xor_ln340_fu_865_p2           |    xor   |      0|  0|   2|           1|           2|
    |xor_ln416_fu_428_p2           |    xor   |      0|  0|   2|           1|           2|
    |xor_ln779_2_fu_565_p2         |    xor   |      0|  0|   2|           1|           2|
    |xor_ln779_3_fu_1050_p2        |    xor   |      0|  0|   2|           1|           2|
    |xor_ln779_fu_401_p2           |    xor   |      0|  0|   2|           1|           2|
    |xor_ln785_10_fu_1095_p2       |    xor   |      0|  0|   2|           1|           2|
    |xor_ln785_5_fu_468_p2         |    xor   |      0|  0|   2|           1|           2|
    |xor_ln785_6_fu_677_p2         |    xor   |      0|  0|   2|           1|           2|
    |xor_ln785_7_fu_588_p2         |    xor   |      0|  0|   2|           1|           2|
    |xor_ln785_8_fu_827_p2         |    xor   |      0|  0|   2|           1|           2|
    |xor_ln785_9_fu_1084_p2        |    xor   |      0|  0|   2|           1|           2|
    |xor_ln785_fu_621_p2           |    xor   |      0|  0|   2|           1|           2|
    |xor_ln786_4_fu_605_p2         |    xor   |      0|  0|   2|           1|           2|
    |xor_ln786_5_fu_838_p2         |    xor   |      0|  0|   2|           1|           2|
    |xor_ln786_6_fu_1110_p2        |    xor   |      0|  0|   2|           1|           2|
    |xor_ln786_fu_451_p2           |    xor   |      0|  0|   2|           1|           2|
    +------------------------------+----------+-------+---+----+------------+------------+
    |Total                         |          |      0|  0| 906|         469|         739|
    +------------------------------+----------+-------+---+----+------------+------------+

    * Multiplexer: 
    +------------------------------------+----+-----------+-----+-----------+
    |                Name                | LUT| Input Size| Bits| Total Bits|
    +------------------------------------+----+-----------+-----+-----------+
    |ap_NS_fsm                           |  65|         16|    1|         16|
    |ap_phi_mux_iter_2_ph_phi_fu_165_p6  |   9|          2|   16|         32|
    |ap_phi_mux_iter_2_phi_fu_178_p4     |   9|          2|   16|         32|
    |ap_return                           |   9|          2|   16|         32|
    |grp_fu_1137_p0                      |  15|          3|    1|          3|
    |grp_fu_736_p0                       |  21|          4|   37|        148|
    |grp_fu_736_p1                       |  21|          4|   37|        148|
    |grp_fu_811_p0                       |  15|          3|   36|        108|
    |grp_fu_811_p1                       |  15|          3|   37|        111|
    |grp_fu_877_p0                       |  15|          3|    1|          3|
    |grp_fu_909_p0                       |  27|          5|   73|        365|
    |grp_fu_909_p1                       |  27|          5|   73|        365|
    |iter_0_reg_150                      |   9|          2|   16|         32|
    |iter_2_ph_reg_162                   |  15|          3|   16|         48|
    |iter_2_reg_175                      |   9|          2|   16|         32|
    |reg_1224                            |  27|          5|   73|        365|
    |reg_1416                            |  15|          3|   37|        111|
    |reg_1469                            |  21|          4|   73|        292|
    |reg_1475                            |  15|          3|   31|         93|
    |x_0_reg_138                         |   9|          2|   36|         72|
    |y_0_reg_126                         |   9|          2|   36|         72|
    +------------------------------------+----+-----------+-----+-----------+
    |Total                               | 377|         78|  678|       2480|
    +------------------------------------+----+-----------+-----+-----------+

    * Register: 
    +---------------------------------+----+----+-----+-----------+
    |               Name              | FF | LUT| Bits| Const Bits|
    +---------------------------------+----+----+-----+-----------+
    |Range1_all_ones_3_reg_1318       |   1|   0|    1|          0|
    |Range1_all_ones_4_reg_1504       |   1|   0|    1|          0|
    |Range1_all_ones_reg_1296         |   1|   0|    1|          0|
    |Range1_all_zeros_2_reg_1325      |   1|   0|    1|          0|
    |Range1_all_zeros_3_reg_1511      |   1|   0|    1|          0|
    |Range1_all_zeros_reg_1303        |   1|   0|    1|          0|
    |Range2_all_ones_2_reg_1313       |   1|   0|    1|          0|
    |Range2_all_ones_3_reg_1499       |   1|   0|    1|          0|
    |Range2_all_ones_reg_1291         |   1|   0|    1|          0|
    |and_ln781_2_reg_1384             |   1|   0|    1|          0|
    |and_ln781_3_reg_1532             |   1|   0|    1|          0|
    |and_ln781_reg_1346               |   1|   0|    1|          0|
    |and_ln786_10_reg_1538            |   1|   0|    1|          0|
    |and_ln786_7_reg_1395             |   1|   0|    1|          0|
    |and_ln786_reg_1357               |   1|   0|    1|          0|
    |ap_CS_fsm                        |  15|   0|   15|          0|
    |ap_return_preg                   |  16|   0|   16|          0|
    |carry_4_reg_1336                 |   1|   0|    1|          0|
    |carry_6_reg_1374                 |   1|   0|    1|          0|
    |carry_8_reg_1522                 |   1|   0|    1|          0|
    |grp_pretest_fu_185_ap_start_reg  |   1|   0|    1|          0|
    |icmp_ln1497_reg_1421             |   1|   0|    1|          0|
    |icmp_ln1498_1_reg_1549           |   1|   0|    1|          0|
    |icmp_ln1498_reg_1464             |   1|   0|    1|          0|
    |icmp_ln29_reg_1203               |   1|   0|    1|          0|
    |iter_0_reg_150                   |  16|   0|   16|          0|
    |iter_2_ph_reg_162                |  16|   0|   16|          0|
    |iter_2_reg_175                   |  16|   0|   16|          0|
    |iter_reg_1207                    |  16|   0|   16|          0|
    |p_Result_12_reg_1341             |   1|   0|    1|          0|
    |p_Result_13_reg_1264             |   1|   0|    1|          0|
    |p_Result_15_reg_1379             |   1|   0|    1|          0|
    |p_Result_16_reg_1425             |   1|   0|    1|          0|
    |p_Result_17_reg_1437             |   1|   0|    1|          0|
    |p_Result_18_reg_1488             |   1|   0|    1|          0|
    |p_Result_20_reg_1527             |   1|   0|    1|          0|
    |p_Result_5_reg_1249              |   4|   0|    4|          0|
    |p_Result_7_reg_1275              |   3|   0|    3|          0|
    |p_Result_8_reg_1280              |   4|   0|    4|          0|
    |p_Result_s_16_reg_1244           |   3|   0|    3|          0|
    |p_Result_s_reg_1233              |   1|   0|    1|          0|
    |r_4_reg_1286                     |   1|   0|    1|          0|
    |r_5_reg_1308                     |   1|   0|    1|          0|
    |r_6_reg_1494                     |   1|   0|    1|          0|
    |reg_1224                         |  73|   0|   73|          0|
    |reg_1416                         |  37|   0|   37|          0|
    |reg_1469                         |  73|   0|   73|          0|
    |reg_1475                         |  31|   0|   31|          0|
    |rhs_V_2_reg_1198                 |  38|   0|   38|          0|
    |sext_ln728_reg_1193              |  41|   0|   73|         32|
    |tmp_reg_1189                     |   1|   0|    1|          0|
    |underflow_4_reg_1400             |   1|   0|    1|          0|
    |underflow_reg_1362               |   1|   0|    1|          0|
    |x_0_reg_138                      |  36|   0|   36|          0|
    |x_V_reg_1544                     |  36|   0|   36|          0|
    |xor_ln785_5_reg_1351             |   1|   0|    1|          0|
    |xor_ln785_7_reg_1389             |   1|   0|    1|          0|
    |y_0_reg_126                      |  36|   0|   36|          0|
    |y_V_reg_1431                     |  36|   0|   36|          0|
    +---------------------------------+----+----+-----+-----------+
    |Total                            | 585|   0|  617|         32|
    +---------------------------------+----+----+-----+-----------+



================================================================
== Interface
================================================================
* Summary: 
+-----------+-----+-----+------------+--------------+--------------+
| RTL Ports | Dir | Bits|  Protocol  | Source Object|    C Type    |
+-----------+-----+-----+------------+--------------+--------------+
|ap_clk     |  in |    1| ap_ctrl_hs |  mandel_calc | return value |
|ap_rst     |  in |    1| ap_ctrl_hs |  mandel_calc | return value |
|ap_start   |  in |    1| ap_ctrl_hs |  mandel_calc | return value |
|ap_done    | out |    1| ap_ctrl_hs |  mandel_calc | return value |
|ap_idle    | out |    1| ap_ctrl_hs |  mandel_calc | return value |
|ap_ready   | out |    1| ap_ctrl_hs |  mandel_calc | return value |
|ap_return  | out |   16| ap_ctrl_hs |  mandel_calc | return value |
|x_in_V     |  in |   36|   ap_none  |    x_in_V    |    scalar    |
|y_in_V     |  in |   36|   ap_none  |    y_in_V    |    scalar    |
|maxIter    |  in |   16|   ap_none  |    maxIter   |    scalar    |
+-----------+-----+-----+------------+--------------+--------------+

