

================================================================
== Vivado HLS Report for 'mandel_calc'
================================================================
* Date:           Fri May 31 11:24:40 2019

* Version:        2019.1 (Build 2552052 on Fri May 24 15:28:33 MDT 2019)
* Project:        mandelbrotHLS
* Solution:       AXI
* Product family: artix7
* Target device:  xc7a100t-csg324-1


================================================================
== Performance Estimates
================================================================
+ Timing (ns): 
    * Summary: 
    +--------+-------+----------+------------+
    |  Clock | Target| Estimated| Uncertainty|
    +--------+-------+----------+------------+
    |ap_clk  |   6.00|     5.097|        0.75|
    +--------+-------+----------+------------+

+ Latency (clock cycles): 
    * Summary: 
    +-----+---------+-----+---------+---------+
    |    Latency    |    Interval   | Pipeline|
    | min |   max   | min |   max   |   Type  |
    +-----+---------+-----+---------+---------+
    |   22|  1376278|   22|  1376278|   none  |
    +-----+---------+-----+---------+---------+

    + Detail: 
        * Instance: 
        +--------------------+---------+-----+-----+-----+-----+---------+
        |                    |         |  Latency  |  Interval | Pipeline|
        |      Instance      |  Module | min | max | min | max |   Type  |
        +--------------------+---------+-----+-----+-----+-----+---------+
        |grp_pretest_fu_187  |pretest  |   19|   19|   19|   19|   none  |
        +--------------------+---------+-----+-----+-----+-----+---------+

        * Loop: 
        +--------------------+-----+---------+----------+-----------+-----------+-----------+----------+
        |                    |    Latency    | Iteration|  Initiation Interval  |    Trip   |          |
        |      Loop Name     | min |   max   |  Latency |  achieved |   target  |   Count   | Pipelined|
        +--------------------+-----+---------+----------+-----------+-----------+-----------+----------+
        |- mandel_calc_loop  |    0|  1376255|        21|          -|          -| 0 ~ 65535 |    no    |
        +--------------------+-----+---------+----------+-----------+-----------+-----------+----------+



================================================================
== Utilization Estimates
================================================================
* Summary: 
+-----------------+---------+-------+--------+-------+-----+
|       Name      | BRAM_18K| DSP48E|   FF   |  LUT  | URAM|
+-----------------+---------+-------+--------+-------+-----+
|DSP              |        -|      -|       -|      -|    -|
|Expression       |        -|      -|       0|    859|    -|
|FIFO             |        -|      -|       -|      -|    -|
|Instance         |        -|     20|    1506|   1147|    -|
|Memory           |        -|      -|       -|      -|    -|
|Multiplexer      |        -|      -|       -|    485|    -|
|Register         |        -|      -|     638|      -|    -|
+-----------------+---------+-------+--------+-------+-----+
|Total            |        0|     20|    2144|   2491|    0|
+-----------------+---------+-------+--------+-------+-----+
|Available        |      270|    240|  126800|  63400|    0|
+-----------------+---------+-------+--------+-------+-----+
|Utilization (%)  |        0|      8|       1|      3|    0|
+-----------------+---------+-------+--------+-------+-----+

+ Detail: 
    * Instance: 
    +-------------------------+----------------------+---------+-------+-----+------+-----+
    |         Instance        |        Module        | BRAM_18K| DSP48E|  FF |  LUT | URAM|
    +-------------------------+----------------------+---------+-------+-----+------+-----+
    |calc_mul_40s_40s_cud_U8  |calc_mul_40s_40s_cud  |        0|      5|  281|    19|    0|
    |calc_mul_40s_41s_dEe_U7  |calc_mul_40s_41s_dEe  |        0|      5|  287|    19|    0|
    |grp_pretest_fu_187       |pretest               |        0|     10|  938|  1109|    0|
    +-------------------------+----------------------+---------+-------+-----+------+-----+
    |Total                    |                      |        0|     20| 1506|  1147|    0|
    +-------------------------+----------------------+---------+-------+-----+------+-----+

    * DSP48E: 
    N/A

    * Memory: 
    N/A

    * FIFO: 
    N/A

    * Expression: 
    +-------------------------------+----------+-------+---+----+------------+------------+
    |         Variable Name         | Operation| DSP48E| FF| LUT| Bitwidth P0| Bitwidth P1|
    +-------------------------------+----------+-------+---+----+------------+------------+
    |grp_fu_742_p2                  |     +    |      0|  0|  48|          41|          41|
    |grp_fu_914_p2                  |     +    |      0|  0|  88|          81|          81|
    |iter_fu_389_p2                 |     +    |      0|  0|  23|          16|           1|
    |ret_V_11_fu_753_p2             |     -    |      0|  0|  48|          41|          41|
    |and_ln28_fu_1169_p2            |    and   |      0|  0|   2|           1|           1|
    |and_ln412_2_fu_489_p2          |    and   |      0|  0|   2|           1|           1|
    |and_ln412_3_fu_986_p2          |    and   |      0|  0|   2|           1|           1|
    |and_ln412_fu_379_p2            |    and   |      0|  0|   2|           1|           1|
    |and_ln779_2_fu_546_p2          |    and   |      0|  0|   2|           1|           1|
    |and_ln779_3_fu_1058_p2         |    and   |      0|  0|   2|           1|           1|
    |and_ln779_fu_436_p2            |    and   |      0|  0|   2|           1|           1|
    |and_ln781_2_fu_655_p2          |    and   |      0|  0|   2|           1|           1|
    |and_ln781_3_fu_1083_p2         |    and   |      0|  0|   2|           1|           1|
    |and_ln781_fu_569_p2            |    and   |      0|  0|   2|           1|           1|
    |and_ln786_10_fu_1072_p2        |    and   |      0|  0|   2|           1|           1|
    |and_ln786_7_fu_558_p2          |    and   |      0|  0|   2|           1|           1|
    |and_ln786_fu_519_p2            |    and   |      0|  0|   2|           1|           1|
    |ap_condition_944               |    and   |      0|  0|   2|           1|           1|
    |carry_4_fu_409_p2              |    and   |      0|  0|   2|           1|           1|
    |carry_6_fu_448_p2              |    and   |      0|  0|   2|           1|           1|
    |carry_8_fu_1016_p2             |    and   |      0|  0|   2|           1|           1|
    |overflow_3_fu_675_p2           |    and   |      0|  0|   2|           1|           1|
    |overflow_4_fu_839_p2           |    and   |      0|  0|   2|           1|           1|
    |overflow_5_fu_1103_p2          |    and   |      0|  0|   2|           1|           1|
    |overflow_fu_589_p2             |    and   |      0|  0|   2|           1|           1|
    |underflow_4_fu_692_p2          |    and   |      0|  0|   2|           1|           1|
    |underflow_5_fu_863_p2          |    and   |      0|  0|   2|           1|           1|
    |underflow_6_fu_1120_p2         |    and   |      0|  0|   2|           1|           1|
    |underflow_fu_606_p2            |    and   |      0|  0|   2|           1|           1|
    |Range1_all_ones_3_fu_334_p2    |   icmp   |      0|  0|  11|           5|           2|
    |Range1_all_ones_4_fu_1035_p2   |   icmp   |      0|  0|  11|           6|           2|
    |Range1_all_ones_fu_314_p2      |   icmp   |      0|  0|  11|           5|           2|
    |Range1_all_zeros_2_fu_339_p2   |   icmp   |      0|  0|  11|           5|           1|
    |Range1_all_zeros_3_fu_1040_p2  |   icmp   |      0|  0|  11|           6|           1|
    |Range1_all_zeros_fu_319_p2     |   icmp   |      0|  0|  11|           5|           1|
    |Range2_all_ones_2_fu_329_p2    |   icmp   |      0|  0|   9|           4|           2|
    |Range2_all_ones_3_fu_1030_p2   |   icmp   |      0|  0|  11|           5|           2|
    |Range2_all_ones_fu_309_p2      |   icmp   |      0|  0|   9|           4|           2|
    |grp_fu_926_p2                  |   icmp   |      0|  0|  21|          34|           1|
    |icmp_ln1497_fu_748_p2          |   icmp   |      0|  0|  24|          41|          38|
    |icmp_ln1498_1_fu_1164_p2       |   icmp   |      0|  0|  21|          40|          40|
    |icmp_ln1498_fu_904_p2          |   icmp   |      0|  0|  21|          40|          40|
    |icmp_ln19_fu_209_p2            |   icmp   |      0|  0|  13|          16|          16|
    |icmp_ln785_fu_821_p2           |   icmp   |      0|  0|   8|           2|           1|
    |icmp_ln786_fu_851_p2           |   icmp   |      0|  0|   8|           2|           2|
    |r_5_fu_324_p2                  |   icmp   |      0|  0|  21|          34|           1|
    |or_ln340_10_fu_622_p2          |    or    |      0|  0|   2|           1|           1|
    |or_ln340_11_fu_697_p2          |    or    |      0|  0|   2|           1|           1|
    |or_ln340_12_fu_703_p2          |    or    |      0|  0|   2|           1|           1|
    |or_ln340_13_fu_708_p2          |    or    |      0|  0|   2|           1|           1|
    |or_ln340_14_fu_869_p2          |    or    |      0|  0|   2|           1|           1|
    |or_ln340_15_fu_878_p2          |    or    |      0|  0|   2|           1|           1|
    |or_ln340_16_fu_1125_p2         |    or    |      0|  0|   2|           1|           1|
    |or_ln340_17_fu_1131_p2         |    or    |      0|  0|   2|           1|           1|
    |or_ln340_18_fu_1136_p2         |    or    |      0|  0|   2|           1|           1|
    |or_ln340_9_fu_617_p2           |    or    |      0|  0|   2|           1|           1|
    |or_ln340_fu_611_p2             |    or    |      0|  0|   2|           1|           1|
    |or_ln412_1_fu_974_p2           |    or    |      0|  0|   2|           1|           1|
    |or_ln412_fu_477_p2             |    or    |      0|  0|   2|           1|           1|
    |or_ln785_3_fu_665_p2           |    or    |      0|  0|   2|           1|           1|
    |or_ln785_4_fu_827_p2           |    or    |      0|  0|   2|           1|           1|
    |or_ln785_5_fu_1093_p2          |    or    |      0|  0|   2|           1|           1|
    |or_ln785_fu_579_p2             |    or    |      0|  0|   2|           1|           1|
    |or_ln786_2_fu_595_p2           |    or    |      0|  0|   2|           1|           1|
    |or_ln786_3_fu_681_p2           |    or    |      0|  0|   2|           1|           1|
    |or_ln786_4_fu_1109_p2          |    or    |      0|  0|   2|           1|           1|
    |or_ln786_fu_857_p2             |    or    |      0|  0|   2|           1|           1|
    |r_fu_367_p2                    |    or    |      0|  0|   2|           1|           1|
    |deleted_ones_3_fu_551_p3       |  select  |      0|  0|   2|           1|           1|
    |deleted_ones_4_fu_1064_p3      |  select  |      0|  0|   2|           1|           1|
    |deleted_ones_fu_441_p3         |  select  |      0|  0|   2|           1|           1|
    |deleted_zeros_2_fu_650_p3      |  select  |      0|  0|   2|           1|           1|
    |deleted_zeros_3_fu_1149_p3     |  select  |      0|  0|   2|           1|           1|
    |deleted_zeros_fu_564_p3        |  select  |      0|  0|   2|           1|           1|
    |grp_fu_1078_p3                 |  select  |      0|  0|  41|           1|          41|
    |grp_fu_1156_p3                 |  select  |      0|  0|  40|           1|          40|
    |grp_fu_883_p3                  |  select  |      0|  0|  40|           1|          39|
    |p_Val2_21_fu_728_p3            |  select  |      0|  0|  40|           1|          40|
    |select_ln340_4_fu_1142_p3      |  select  |      0|  0|  40|           1|          39|
    |select_ln388_4_fu_721_p3       |  select  |      0|  0|  41|           1|          41|
    |x_V_fu_890_p3                  |  select  |      0|  0|  40|           1|          40|
    |grp_fu_1052_p2                 |    xor   |      0|  0|   2|           1|           2|
    |xor_ln340_fu_873_p2            |    xor   |      0|  0|   2|           1|           2|
    |xor_ln416_2_fu_430_p2          |    xor   |      0|  0|   2|           1|           2|
    |xor_ln779_2_fu_540_p2          |    xor   |      0|  0|   2|           1|           2|
    |xor_ln779_3_fu_1010_p2         |    xor   |      0|  0|   2|           1|           2|
    |xor_ln779_fu_513_p2            |    xor   |      0|  0|   2|           1|           2|
    |xor_ln785_10_fu_1098_p2        |    xor   |      0|  0|   2|           1|           2|
    |xor_ln785_5_fu_584_p2          |    xor   |      0|  0|   2|           1|           2|
    |xor_ln785_6_fu_659_p2          |    xor   |      0|  0|   2|           1|           2|
    |xor_ln785_7_fu_670_p2          |    xor   |      0|  0|   2|           1|           2|
    |xor_ln785_8_fu_403_p2          |    xor   |      0|  0|   2|           1|           2|
    |xor_ln785_9_fu_1087_p2         |    xor   |      0|  0|   2|           1|           2|
    |xor_ln785_fu_573_p2            |    xor   |      0|  0|   2|           1|           2|
    |xor_ln786_4_fu_686_p2          |    xor   |      0|  0|   2|           1|           2|
    |xor_ln786_6_fu_1114_p2         |    xor   |      0|  0|   2|           1|           2|
    |xor_ln786_fu_600_p2            |    xor   |      0|  0|   2|           1|           2|
    +-------------------------------+----------+-------+---+----+------------+------------+
    |Total                          |          |      0|  0| 859|         509|         683|
    +-------------------------------+----------+-------+---+----+------------+------------+

    * Multiplexer: 
    +------------------------------------+-----+-----------+-----+-----------+
    |                Name                | LUT | Input Size| Bits| Total Bits|
    +------------------------------------+-----+-----------+-----+-----------+
    |ap_NS_fsm                           |  117|         25|    1|         25|
    |ap_phi_mux_iter_2_ph_phi_fu_167_p6  |    9|          2|   16|         32|
    |ap_phi_mux_iter_2_phi_fu_180_p4     |    9|          2|   16|         32|
    |ap_return                           |    9|          2|   16|         32|
    |grp_fu_1078_p0                      |   21|          4|    1|          4|
    |grp_fu_1156_p0                      |   15|          3|    1|          3|
    |grp_fu_224_p0                       |   15|          3|   40|        120|
    |grp_fu_224_p1                       |   15|          3|   41|        123|
    |grp_fu_742_p0                       |   27|          5|   41|        205|
    |grp_fu_742_p1                       |   27|          5|   41|        205|
    |grp_fu_883_p0                       |   21|          4|    1|          4|
    |grp_fu_914_p0                       |   21|          4|   81|        324|
    |grp_fu_914_p1                       |   21|          4|   81|        324|
    |iter_0_reg_152                      |    9|          2|   16|         32|
    |iter_2_ph_reg_164                   |   15|          3|   16|         48|
    |iter_2_reg_177                      |    9|          2|   16|         32|
    |reg_1229                            |   38|          7|   81|        567|
    |reg_1238                            |   33|          6|   41|        246|
    |reg_1459                            |   27|          5|   81|        405|
    |reg_1528                            |    9|          2|   40|         80|
    |x_0_reg_140                         |    9|          2|   40|         80|
    |y_0_reg_128                         |    9|          2|   40|         80|
    +------------------------------------+-----+-----------+-----+-----------+
    |Total                               |  485|         97|  748|       3003|
    +------------------------------------+-----+-----------+-----+-----------+

    * Register: 
    +---------------------------------+----+----+-----+-----------+
    |               Name              | FF | LUT| Bits| Const Bits|
    +---------------------------------+----+----+-----+-----------+
    |Range1_all_ones_3_reg_1330       |   1|   0|    1|          0|
    |Range1_all_ones_4_reg_1523       |   1|   0|    1|          0|
    |Range1_all_ones_reg_1308         |   1|   0|    1|          0|
    |Range1_all_zeros_2_reg_1323      |   1|   0|    1|          0|
    |Range1_all_zeros_3_reg_1517      |   1|   0|    1|          0|
    |Range1_all_zeros_reg_1301        |   1|   0|    1|          0|
    |Range2_all_ones_2_reg_1313       |   1|   0|    1|          0|
    |Range2_all_ones_reg_1291         |   1|   0|    1|          0|
    |and_ln28_reg_1420                |   1|   0|    1|          0|
    |and_ln786_10_reg_1534            |   1|   0|    1|          0|
    |and_ln786_7_reg_1375             |   1|   0|    1|          0|
    |and_ln786_reg_1358               |   1|   0|    1|          0|
    |ap_CS_fsm                        |  24|   0|   24|          0|
    |ap_return_preg                   |  16|   0|   16|          0|
    |carry_4_reg_1347                 |   1|   0|    1|          0|
    |carry_6_reg_1370                 |   1|   0|    1|          0|
    |carry_8_reg_1512                 |   1|   0|    1|          0|
    |grp_pretest_fu_187_ap_start_reg  |   1|   0|    1|          0|
    |icmp_ln1497_reg_1406             |   1|   0|    1|          0|
    |icmp_ln1498_reg_1454             |   1|   0|    1|          0|
    |icmp_ln19_reg_1212               |   1|   0|    1|          0|
    |iter_0_reg_152                   |  16|   0|   16|          0|
    |iter_2_ph_reg_164                |  16|   0|   16|          0|
    |iter_2_reg_177                   |  16|   0|   16|          0|
    |iter_reg_1208                    |  16|   0|   16|          0|
    |overflow_4_reg_1442              |   1|   0|    1|          0|
    |p_Result_12_reg_1341             |   1|   0|    1|          0|
    |p_Result_13_reg_1275             |   1|   0|    1|          0|
    |p_Result_15_reg_1364             |   1|   0|    1|          0|
    |p_Result_18_reg_1484             |   1|   0|    1|          0|
    |p_Result_20_reg_1506             |   1|   0|    1|          0|
    |p_Result_5_reg_1352              |   5|   0|    5|          0|
    |p_Result_7_reg_1280              |   4|   0|    4|          0|
    |p_Result_8_reg_1285              |   5|   0|    5|          0|
    |p_Result_s_16_reg_1396           |   4|   0|    4|          0|
    |p_Result_s_reg_1244              |   1|   0|    1|          0|
    |r_4_reg_1296                     |   1|   0|    1|          0|
    |r_5_reg_1318                     |   1|   0|    1|          0|
    |r_6_reg_1478                     |   1|   0|    1|          0|
    |reg_1229                         |  81|   0|   81|          0|
    |reg_1238                         |  41|   0|   41|          0|
    |reg_1459                         |  81|   0|   81|          0|
    |reg_1528                         |  40|   0|   40|          0|
    |rhs_V_2_reg_1174                 |  42|   0|   42|          0|
    |sext_ln728_reg_1198              |  46|   0|   81|         35|
    |tmp_reg_1180                     |   1|   0|    1|          0|
    |trunc_ln718_2_reg_1269           |  34|   0|   34|          0|
    |underflow_5_reg_1436             |   1|   0|    1|          0|
    |x_0_reg_140                      |  40|   0|   40|          0|
    |y_0_reg_128                      |  40|   0|   40|          0|
    |y_V_reg_1410                     |  40|   0|   40|          0|
    +---------------------------------+----+----+-----+-----------+
    |Total                            | 638|   0|  673|         35|
    +---------------------------------+----+----+-----+-----------+



================================================================
== Interface
================================================================
* Summary: 
+-----------+-----+-----+------------+--------------+--------------+
| RTL Ports | Dir | Bits|  Protocol  | Source Object|    C Type    |
+-----------+-----+-----+------------+--------------+--------------+
|ap_clk     |  in |    1| ap_ctrl_hs |  mandel_calc | return value |
|ap_rst     |  in |    1| ap_ctrl_hs |  mandel_calc | return value |
|ap_start   |  in |    1| ap_ctrl_hs |  mandel_calc | return value |
|ap_done    | out |    1| ap_ctrl_hs |  mandel_calc | return value |
|ap_idle    | out |    1| ap_ctrl_hs |  mandel_calc | return value |
|ap_ready   | out |    1| ap_ctrl_hs |  mandel_calc | return value |
|ap_return  | out |   16| ap_ctrl_hs |  mandel_calc | return value |
|x_in_V     |  in |   40|   ap_none  |    x_in_V    |    scalar    |
|y_in_V     |  in |   40|   ap_none  |    y_in_V    |    scalar    |
|maxIter    |  in |   16|   ap_none  |    maxIter   |    scalar    |
+-----------+-----+-----+------------+--------------+--------------+

