

================================================================
== Vivado HLS Report for 'mandel_calc'
================================================================
* Date:           Fri Jul  5 12:02:51 2019

* Version:        2019.1 (Build 2552052 on Fri May 24 15:28:33 MDT 2019)
* Project:        mandelbrotHLS
* Solution:       AXI
* Product family: artix7
* Target device:  xc7a100t-csg324-1


================================================================
== Performance Estimates
================================================================
+ Timing (ns): 
    * Summary: 
    +--------+-------+----------+------------+
    |  Clock | Target| Estimated| Uncertainty|
    +--------+-------+----------+------------+
    |ap_clk  |   6.00|     5.206|        0.75|
    +--------+-------+----------+------------+

+ Latency (clock cycles): 
    * Summary: 
    +-----+-------+-----+-------+---------+
    |   Latency   |   Interval  | Pipeline|
    | min |  max  | min |  max  |   Type  |
    +-----+-------+-----+-------+---------+
    |   22|  42043|   22|  42043|   none  |
    +-----+-------+-----+-------+---------+

    + Detail: 
        * Instance: 
        +--------------------+---------+-----+-----+-----+-----+---------+
        |                    |         |  Latency  |  Interval | Pipeline|
        |      Instance      |  Module | min | max | min | max |   Type  |
        +--------------------+---------+-----+-----+-----+-----+---------+
        |grp_pretest_fu_187  |pretest  |   19|   19|   19|   19|   none  |
        +--------------------+---------+-----+-----+-----+-----+---------+

        * Loop: 
        +--------------------+-----+-------+----------+-----------+-----------+----------+----------+
        |                    |   Latency   | Iteration|  Initiation Interval  |   Trip   |          |
        |      Loop Name     | min |  max  |  Latency |  achieved |   target  |   Count  | Pipelined|
        +--------------------+-----+-------+----------+-----------+-----------+----------+----------+
        |- mandel_calc_loop  |    0|  42020|        21|          -|          -| 0 ~ 2000 |    no    |
        +--------------------+-----+-------+----------+-----------+-----------+----------+----------+



================================================================
== Utilization Estimates
================================================================
* Summary: 
+-----------------+---------+-------+--------+-------+-----+
|       Name      | BRAM_18K| DSP48E|   FF   |  LUT  | URAM|
+-----------------+---------+-------+--------+-------+-----+
|DSP              |        -|      -|       -|      -|    -|
|Expression       |        -|      -|       0|    849|    -|
|FIFO             |        -|      -|       -|      -|    -|
|Instance         |        -|     20|    1502|   1158|    -|
|Memory           |        -|      -|       -|      -|    -|
|Multiplexer      |        -|      -|       -|    485|    -|
|Register         |        -|      -|     628|      -|    -|
+-----------------+---------+-------+--------+-------+-----+
|Total            |        0|     20|    2130|   2492|    0|
+-----------------+---------+-------+--------+-------+-----+
|Available        |      270|    240|  126800|  63400|    0|
+-----------------+---------+-------+--------+-------+-----+
|Utilization (%)  |        0|      8|       1|      3|    0|
+-----------------+---------+-------+--------+-------+-----+

+ Detail: 
    * Instance: 
    +-------------------------+----------------------+---------+-------+-----+------+-----+
    |         Instance        |        Module        | BRAM_18K| DSP48E|  FF |  LUT | URAM|
    +-------------------------+----------------------+---------+-------+-----+------+-----+
    |calc_mul_40s_40s_cud_U8  |calc_mul_40s_40s_cud  |        0|      5|  281|    19|    0|
    |calc_mul_40s_41s_dEe_U7  |calc_mul_40s_41s_dEe  |        0|      5|  287|    19|    0|
    |grp_pretest_fu_187       |pretest               |        0|     10|  934|  1120|    0|
    +-------------------------+----------------------+---------+-------+-----+------+-----+
    |Total                    |                      |        0|     20| 1502|  1158|    0|
    +-------------------------+----------------------+---------+-------+-----+------+-----+

    * DSP48E: 
    N/A

    * Memory: 
    N/A

    * FIFO: 
    N/A

    * Expression: 
    +-------------------------------+----------+-------+---+----+------------+------------+
    |         Variable Name         | Operation| DSP48E| FF| LUT| Bitwidth P0| Bitwidth P1|
    +-------------------------------+----------+-------+---+----+------------+------------+
    |grp_fu_744_p2                  |     +    |      0|  0|  48|          41|          41|
    |grp_fu_916_p2                  |     +    |      0|  0|  88|          81|          81|
    |iter_fu_391_p2                 |     +    |      0|  0|  23|          16|           1|
    |ret_V_11_fu_755_p2             |     -    |      0|  0|  48|          41|          41|
    |and_ln38_fu_1171_p2            |    and   |      0|  0|   2|           1|           1|
    |and_ln412_2_fu_491_p2          |    and   |      0|  0|   2|           1|           1|
    |and_ln412_3_fu_988_p2          |    and   |      0|  0|   2|           1|           1|
    |and_ln412_fu_381_p2            |    and   |      0|  0|   2|           1|           1|
    |and_ln779_2_fu_548_p2          |    and   |      0|  0|   2|           1|           1|
    |and_ln779_3_fu_1060_p2         |    and   |      0|  0|   2|           1|           1|
    |and_ln779_fu_438_p2            |    and   |      0|  0|   2|           1|           1|
    |and_ln781_2_fu_657_p2          |    and   |      0|  0|   2|           1|           1|
    |and_ln781_3_fu_1085_p2         |    and   |      0|  0|   2|           1|           1|
    |and_ln781_fu_571_p2            |    and   |      0|  0|   2|           1|           1|
    |and_ln786_10_fu_1074_p2        |    and   |      0|  0|   2|           1|           1|
    |and_ln786_7_fu_560_p2          |    and   |      0|  0|   2|           1|           1|
    |and_ln786_fu_521_p2            |    and   |      0|  0|   2|           1|           1|
    |ap_condition_942               |    and   |      0|  0|   2|           1|           1|
    |carry_4_fu_411_p2              |    and   |      0|  0|   2|           1|           1|
    |carry_6_fu_450_p2              |    and   |      0|  0|   2|           1|           1|
    |carry_8_fu_1018_p2             |    and   |      0|  0|   2|           1|           1|
    |overflow_3_fu_677_p2           |    and   |      0|  0|   2|           1|           1|
    |overflow_4_fu_841_p2           |    and   |      0|  0|   2|           1|           1|
    |overflow_5_fu_1105_p2          |    and   |      0|  0|   2|           1|           1|
    |overflow_fu_591_p2             |    and   |      0|  0|   2|           1|           1|
    |underflow_4_fu_694_p2          |    and   |      0|  0|   2|           1|           1|
    |underflow_5_fu_865_p2          |    and   |      0|  0|   2|           1|           1|
    |underflow_6_fu_1122_p2         |    and   |      0|  0|   2|           1|           1|
    |underflow_fu_608_p2            |    and   |      0|  0|   2|           1|           1|
    |Range1_all_ones_3_fu_336_p2    |   icmp   |      0|  0|   9|           4|           2|
    |Range1_all_ones_4_fu_1037_p2   |   icmp   |      0|  0|  11|           5|           2|
    |Range1_all_ones_fu_321_p2      |   icmp   |      0|  0|   9|           4|           2|
    |Range1_all_zeros_2_fu_341_p2   |   icmp   |      0|  0|   9|           4|           1|
    |Range1_all_zeros_3_fu_1042_p2  |   icmp   |      0|  0|  11|           5|           1|
    |Range1_all_zeros_fu_326_p2     |   icmp   |      0|  0|   9|           4|           1|
    |Range2_all_ones_2_fu_300_p2    |   icmp   |      0|  0|   9|           3|           2|
    |Range2_all_ones_3_fu_1032_p2   |   icmp   |      0|  0|   9|           4|           2|
    |Range2_all_ones_fu_262_p2      |   icmp   |      0|  0|   9|           3|           2|
    |grp_fu_928_p2                  |   icmp   |      0|  0|  21|          35|           1|
    |icmp_ln1497_fu_750_p2          |   icmp   |      0|  0|  24|          41|          39|
    |icmp_ln1498_1_fu_1166_p2       |   icmp   |      0|  0|  21|          40|          40|
    |icmp_ln1498_fu_906_p2          |   icmp   |      0|  0|  21|          40|          40|
    |icmp_ln29_fu_209_p2            |   icmp   |      0|  0|  13|          16|          16|
    |icmp_ln785_fu_823_p2           |   icmp   |      0|  0|   8|           2|           1|
    |icmp_ln786_fu_853_p2           |   icmp   |      0|  0|   8|           2|           2|
    |r_5_fu_331_p2                  |   icmp   |      0|  0|  21|          35|           1|
    |or_ln340_10_fu_624_p2          |    or    |      0|  0|   2|           1|           1|
    |or_ln340_11_fu_699_p2          |    or    |      0|  0|   2|           1|           1|
    |or_ln340_12_fu_705_p2          |    or    |      0|  0|   2|           1|           1|
    |or_ln340_13_fu_710_p2          |    or    |      0|  0|   2|           1|           1|
    |or_ln340_14_fu_871_p2          |    or    |      0|  0|   2|           1|           1|
    |or_ln340_15_fu_880_p2          |    or    |      0|  0|   2|           1|           1|
    |or_ln340_16_fu_1127_p2         |    or    |      0|  0|   2|           1|           1|
    |or_ln340_17_fu_1133_p2         |    or    |      0|  0|   2|           1|           1|
    |or_ln340_18_fu_1138_p2         |    or    |      0|  0|   2|           1|           1|
    |or_ln340_9_fu_619_p2           |    or    |      0|  0|   2|           1|           1|
    |or_ln340_fu_613_p2             |    or    |      0|  0|   2|           1|           1|
    |or_ln412_1_fu_976_p2           |    or    |      0|  0|   2|           1|           1|
    |or_ln412_fu_479_p2             |    or    |      0|  0|   2|           1|           1|
    |or_ln785_3_fu_667_p2           |    or    |      0|  0|   2|           1|           1|
    |or_ln785_4_fu_829_p2           |    or    |      0|  0|   2|           1|           1|
    |or_ln785_5_fu_1095_p2          |    or    |      0|  0|   2|           1|           1|
    |or_ln785_fu_581_p2             |    or    |      0|  0|   2|           1|           1|
    |or_ln786_2_fu_597_p2           |    or    |      0|  0|   2|           1|           1|
    |or_ln786_3_fu_683_p2           |    or    |      0|  0|   2|           1|           1|
    |or_ln786_4_fu_1111_p2          |    or    |      0|  0|   2|           1|           1|
    |or_ln786_fu_859_p2             |    or    |      0|  0|   2|           1|           1|
    |r_fu_369_p2                    |    or    |      0|  0|   2|           1|           1|
    |deleted_ones_3_fu_553_p3       |  select  |      0|  0|   2|           1|           1|
    |deleted_ones_4_fu_1066_p3      |  select  |      0|  0|   2|           1|           1|
    |deleted_ones_fu_443_p3         |  select  |      0|  0|   2|           1|           1|
    |deleted_zeros_2_fu_652_p3      |  select  |      0|  0|   2|           1|           1|
    |deleted_zeros_3_fu_1151_p3     |  select  |      0|  0|   2|           1|           1|
    |deleted_zeros_fu_566_p3        |  select  |      0|  0|   2|           1|           1|
    |grp_fu_1080_p3                 |  select  |      0|  0|  41|           1|          41|
    |grp_fu_1158_p3                 |  select  |      0|  0|  40|           1|          40|
    |grp_fu_885_p3                  |  select  |      0|  0|  40|           1|          39|
    |p_Val2_21_fu_730_p3            |  select  |      0|  0|  40|           1|          40|
    |select_ln340_4_fu_1144_p3      |  select  |      0|  0|  40|           1|          39|
    |select_ln388_4_fu_723_p3       |  select  |      0|  0|  41|           1|          41|
    |x_V_fu_892_p3                  |  select  |      0|  0|  40|           1|          40|
    |grp_fu_1054_p2                 |    xor   |      0|  0|   2|           1|           2|
    |xor_ln340_fu_875_p2            |    xor   |      0|  0|   2|           1|           2|
    |xor_ln416_2_fu_432_p2          |    xor   |      0|  0|   2|           1|           2|
    |xor_ln779_2_fu_542_p2          |    xor   |      0|  0|   2|           1|           2|
    |xor_ln779_3_fu_1012_p2         |    xor   |      0|  0|   2|           1|           2|
    |xor_ln779_fu_515_p2            |    xor   |      0|  0|   2|           1|           2|
    |xor_ln785_10_fu_1100_p2        |    xor   |      0|  0|   2|           1|           2|
    |xor_ln785_5_fu_586_p2          |    xor   |      0|  0|   2|           1|           2|
    |xor_ln785_6_fu_661_p2          |    xor   |      0|  0|   2|           1|           2|
    |xor_ln785_7_fu_672_p2          |    xor   |      0|  0|   2|           1|           2|
    |xor_ln785_8_fu_405_p2          |    xor   |      0|  0|   2|           1|           2|
    |xor_ln785_9_fu_1089_p2         |    xor   |      0|  0|   2|           1|           2|
    |xor_ln785_fu_575_p2            |    xor   |      0|  0|   2|           1|           2|
    |xor_ln786_4_fu_688_p2          |    xor   |      0|  0|   2|           1|           2|
    |xor_ln786_6_fu_1116_p2         |    xor   |      0|  0|   2|           1|           2|
    |xor_ln786_fu_602_p2            |    xor   |      0|  0|   2|           1|           2|
    +-------------------------------+----------+-------+---+----+------------+------------+
    |Total                          |          |      0|  0| 849|         502|         684|
    +-------------------------------+----------+-------+---+----+------------+------------+

    * Multiplexer: 
    +------------------------------------+-----+-----------+-----+-----------+
    |                Name                | LUT | Input Size| Bits| Total Bits|
    +------------------------------------+-----+-----------+-----+-----------+
    |ap_NS_fsm                           |  117|         25|    1|         25|
    |ap_phi_mux_iter_2_ph_phi_fu_167_p6  |    9|          2|   16|         32|
    |ap_phi_mux_iter_2_phi_fu_180_p4     |    9|          2|   16|         32|
    |ap_return                           |    9|          2|   16|         32|
    |grp_fu_1080_p0                      |   21|          4|    1|          4|
    |grp_fu_1158_p0                      |   15|          3|    1|          3|
    |grp_fu_224_p0                       |   15|          3|   40|        120|
    |grp_fu_224_p1                       |   15|          3|   41|        123|
    |grp_fu_744_p0                       |   27|          5|   41|        205|
    |grp_fu_744_p1                       |   27|          5|   41|        205|
    |grp_fu_885_p0                       |   21|          4|    1|          4|
    |grp_fu_916_p0                       |   21|          4|   81|        324|
    |grp_fu_916_p1                       |   21|          4|   81|        324|
    |iter_0_reg_152                      |    9|          2|   16|         32|
    |iter_2_ph_reg_164                   |   15|          3|   16|         48|
    |iter_2_reg_177                      |    9|          2|   16|         32|
    |reg_1231                            |   38|          7|   81|        567|
    |reg_1240                            |   33|          6|   41|        246|
    |reg_1451                            |   27|          5|   81|        405|
    |reg_1520                            |    9|          2|   40|         80|
    |x_0_reg_140                         |    9|          2|   40|         80|
    |y_0_reg_128                         |    9|          2|   40|         80|
    +------------------------------------+-----+-----------+-----+-----------+
    |Total                               |  485|         97|  748|       3003|
    +------------------------------------+-----+-----------+-----+-----------+

    * Register: 
    +---------------------------------+----+----+-----+-----------+
    |               Name              | FF | LUT| Bits| Const Bits|
    +---------------------------------+----+----+-----+-----------+
    |Range1_all_ones_3_reg_1322       |   1|   0|    1|          0|
    |Range1_all_ones_4_reg_1515       |   1|   0|    1|          0|
    |Range1_all_ones_reg_1293         |   1|   0|    1|          0|
    |Range1_all_zeros_2_reg_1315      |   1|   0|    1|          0|
    |Range1_all_zeros_3_reg_1509      |   1|   0|    1|          0|
    |Range1_all_zeros_reg_1310        |   1|   0|    1|          0|
    |Range2_all_ones_2_reg_1287       |   1|   0|    1|          0|
    |Range2_all_ones_reg_1256         |   1|   0|    1|          0|
    |and_ln38_reg_1412                |   1|   0|    1|          0|
    |and_ln786_10_reg_1526            |   1|   0|    1|          0|
    |and_ln786_7_reg_1367             |   1|   0|    1|          0|
    |and_ln786_reg_1350               |   1|   0|    1|          0|
    |ap_CS_fsm                        |  24|   0|   24|          0|
    |ap_return_preg                   |  16|   0|   16|          0|
    |carry_4_reg_1339                 |   1|   0|    1|          0|
    |carry_6_reg_1362                 |   1|   0|    1|          0|
    |carry_8_reg_1504                 |   1|   0|    1|          0|
    |grp_pretest_fu_187_ap_start_reg  |   1|   0|    1|          0|
    |icmp_ln1497_reg_1398             |   1|   0|    1|          0|
    |icmp_ln1498_reg_1446             |   1|   0|    1|          0|
    |icmp_ln29_reg_1214               |   1|   0|    1|          0|
    |iter_0_reg_152                   |  16|   0|   16|          0|
    |iter_2_ph_reg_164                |  16|   0|   16|          0|
    |iter_2_reg_177                   |  16|   0|   16|          0|
    |iter_reg_1210                    |  16|   0|   16|          0|
    |overflow_4_reg_1434              |   1|   0|    1|          0|
    |p_Result_12_reg_1333             |   1|   0|    1|          0|
    |p_Result_13_reg_1277             |   1|   0|    1|          0|
    |p_Result_15_reg_1356             |   1|   0|    1|          0|
    |p_Result_18_reg_1476             |   1|   0|    1|          0|
    |p_Result_20_reg_1498             |   1|   0|    1|          0|
    |p_Result_5_reg_1388              |   4|   0|    4|          0|
    |p_Result_8_reg_1282              |   4|   0|    4|          0|
    |p_Result_s_reg_1246              |   1|   0|    1|          0|
    |r_4_reg_1298                     |   1|   0|    1|          0|
    |r_5_reg_1305                     |   1|   0|    1|          0|
    |r_6_reg_1470                     |   1|   0|    1|          0|
    |reg_1231                         |  81|   0|   81|          0|
    |reg_1240                         |  41|   0|   41|          0|
    |reg_1451                         |  81|   0|   81|          0|
    |reg_1520                         |  40|   0|   40|          0|
    |rhs_V_2_reg_1176                 |  42|   0|   42|          0|
    |sext_ln728_reg_1200              |  45|   0|   81|         36|
    |tmp_reg_1182                     |   1|   0|    1|          0|
    |trunc_ln718_2_reg_1271           |  35|   0|   35|          0|
    |underflow_5_reg_1428             |   1|   0|    1|          0|
    |x_0_reg_140                      |  40|   0|   40|          0|
    |y_0_reg_128                      |  40|   0|   40|          0|
    |y_V_reg_1402                     |  40|   0|   40|          0|
    +---------------------------------+----+----+-----+-----------+
    |Total                            | 628|   0|  664|         36|
    +---------------------------------+----+----+-----+-----------+



================================================================
== Interface
================================================================
* Summary: 
+-----------+-----+-----+------------+--------------+--------------+
| RTL Ports | Dir | Bits|  Protocol  | Source Object|    C Type    |
+-----------+-----+-----+------------+--------------+--------------+
|ap_clk     |  in |    1| ap_ctrl_hs |  mandel_calc | return value |
|ap_rst     |  in |    1| ap_ctrl_hs |  mandel_calc | return value |
|ap_start   |  in |    1| ap_ctrl_hs |  mandel_calc | return value |
|ap_done    | out |    1| ap_ctrl_hs |  mandel_calc | return value |
|ap_idle    | out |    1| ap_ctrl_hs |  mandel_calc | return value |
|ap_ready   | out |    1| ap_ctrl_hs |  mandel_calc | return value |
|ap_return  | out |   16| ap_ctrl_hs |  mandel_calc | return value |
|x_in_V     |  in |   40|   ap_none  |    x_in_V    |    scalar    |
|y_in_V     |  in |   40|   ap_none  |    y_in_V    |    scalar    |
|maxIter    |  in |   16|   ap_none  |    maxIter   |    scalar    |
+-----------+-----+-----+------------+--------------+--------------+

