

================================================================
== Vivado HLS Report for 'pretest'
================================================================
* Date:           Tue Jun  4 11:20:04 2019

* Version:        2019.1 (Build 2552052 on Fri May 24 15:28:33 MDT 2019)
* Project:        mandelbrotHLS
* Solution:       AXI
* Product family: artix7
* Target device:  xc7a100t-csg324-1


================================================================
== Performance Estimates
================================================================
+ Timing (ns): 
    * Summary: 
    +--------+-------+----------+------------+
    |  Clock | Target| Estimated| Uncertainty|
    +--------+-------+----------+------------+
    |ap_clk  |   8.00|     6.204|        1.50|
    +--------+-------+----------+------------+

+ Latency (clock cycles): 
    * Summary: 
    +-----+-----+-----+-----+---------+
    |  Latency  |  Interval | Pipeline|
    | min | max | min | max |   Type  |
    +-----+-----+-----+-----+---------+
    |   11|   11|   11|   11|   none  |
    +-----+-----+-----+-----+---------+

    + Detail: 
        * Instance: 
        N/A

        * Loop: 
        N/A



================================================================
== Utilization Estimates
================================================================
* Summary: 
+-----------------+---------+-------+--------+-------+-----+
|       Name      | BRAM_18K| DSP48E|   FF   |  LUT  | URAM|
+-----------------+---------+-------+--------+-------+-----+
|DSP              |        -|      -|       -|      -|    -|
|Expression       |        -|      -|       0|    621|    -|
|FIFO             |        -|      -|       -|      -|    -|
|Instance         |        -|      8|     456|    204|    -|
|Memory           |        -|      -|       -|      -|    -|
|Multiplexer      |        -|      -|       -|    410|    -|
|Register         |        -|      -|     366|      -|    -|
+-----------------+---------+-------+--------+-------+-----+
|Total            |        0|      8|     822|   1235|    0|
+-----------------+---------+-------+--------+-------+-----+
|Available        |      270|    240|  126800|  63400|    0|
+-----------------+---------+-------+--------+-------+-----+
|Utilization (%)  |        0|      3|   ~0   |      1|    0|
+-----------------+---------+-------+--------+-------+-----+

+ Detail: 
    * Instance: 
    +-------------------------+----------------------+---------+-------+-----+-----+-----+
    |         Instance        |        Module        | BRAM_18K| DSP48E|  FF | LUT | URAM|
    +-------------------------+----------------------+---------+-------+-----+-----+-----+
    |calc_mul_36s_36s_bkb_U1  |calc_mul_36s_36s_bkb  |        0|      4|  224|   84|    0|
    |calc_mul_37s_36s_cud_U2  |calc_mul_37s_36s_cud  |        0|      4|  232|  120|    0|
    +-------------------------+----------------------+---------+-------+-----+-----+-----+
    |Total                    |                      |        0|      8|  456|  204|    0|
    +-------------------------+----------------------+---------+-------+-----+-----+-----+

    * DSP48E: 
    N/A

    * Memory: 
    N/A

    * FIFO: 
    N/A

    * Expression: 
    +------------------------------+----------+-------+---+----+------------+------------+
    |         Variable Name        | Operation| DSP48E| FF| LUT| Bitwidth P0| Bitwidth P1|
    +------------------------------+----------+-------+---+----+------------+------------+
    |grp_fu_106_p2                 |     +    |      0|  0|  79|          72|          72|
    |grp_fu_92_p2                  |     +    |      0|  0|  79|          72|          72|
    |ret_V_5_fu_375_p2             |     +    |      0|  0|  44|          32|          37|
    |ret_V_7_fu_174_p2             |     +    |      0|  0|  44|          33|          37|
    |and_ln412_1_fu_652_p2         |    and   |      0|  0|   2|           1|           1|
    |and_ln412_fu_365_p2           |    and   |      0|  0|   2|           1|           1|
    |and_ln779_1_fu_709_p2         |    and   |      0|  0|   2|           1|           1|
    |and_ln779_fu_442_p2           |    and   |      0|  0|   2|           1|           1|
    |and_ln781_1_fu_721_p2         |    and   |      0|  0|   2|           1|           1|
    |and_ln781_fu_453_p2           |    and   |      0|  0|   2|           1|           1|
    |and_ln786_3_fu_731_p2         |    and   |      0|  0|   2|           1|           1|
    |and_ln786_5_fu_225_p2         |    and   |      0|  0|   2|           1|           1|
    |and_ln786_fu_479_p2           |    and   |      0|  0|   2|           1|           1|
    |carry_1_fu_395_p2             |    and   |      0|  0|   2|           1|           1|
    |carry_3_fu_682_p2             |    and   |      0|  0|   2|           1|           1|
    |overflow_1_fu_775_p2          |    and   |      0|  0|   2|           1|           1|
    |overflow_2_fu_219_p2          |    and   |      0|  0|   2|           1|           1|
    |overflow_fu_473_p2            |    and   |      0|  0|   2|           1|           1|
    |underflow_1_fu_126_p2         |    and   |      0|  0|   2|           1|           1|
    |underflow_2_fu_749_p2         |    and   |      0|  0|   2|           1|           1|
    |underflow_3_fu_235_p2         |    and   |      0|  0|   2|           1|           1|
    |underflow_fu_496_p2           |    and   |      0|  0|   2|           1|           1|
    |Range1_all_ones_2_fu_584_p2   |   icmp   |      0|  0|   9|           4|           2|
    |Range1_all_ones_fu_409_p2     |   icmp   |      0|  0|   9|           4|           2|
    |Range1_all_zeros_1_fu_606_p2  |   icmp   |      0|  0|   9|           4|           1|
    |Range1_all_zeros_fu_419_p2    |   icmp   |      0|  0|   9|           4|           1|
    |Range2_all_ones_1_fu_600_p2   |   icmp   |      0|  0|   9|           3|           2|
    |Range2_all_ones_fu_414_p2     |   icmp   |      0|  0|   9|           3|           2|
    |grp_fu_569_p2                 |   icmp   |      0|  0|  18|          31|           1|
    |grp_fu_851_p2                 |   icmp   |      0|  0|  50|          73|          73|
    |ap_return                     |    or    |      0|  0|   2|           1|           1|
    |or_ln340_1_fu_513_p2          |    or    |      0|  0|   2|           1|           1|
    |or_ln340_2_fu_507_p2          |    or    |      0|  0|   2|           1|           1|
    |or_ln340_3_fu_144_p2          |    or    |      0|  0|   2|           1|           1|
    |or_ln340_4_fu_780_p2          |    or    |      0|  0|   2|           1|           1|
    |or_ln340_5_fu_785_p2          |    or    |      0|  0|   2|           1|           1|
    |or_ln340_6_fu_789_p2          |    or    |      0|  0|   2|           1|           1|
    |or_ln340_7_fu_240_p2          |    or    |      0|  0|   2|           1|           1|
    |or_ln340_8_fu_246_p2          |    or    |      0|  0|   2|           1|           1|
    |or_ln340_fu_501_p2            |    or    |      0|  0|   2|           1|           1|
    |or_ln785_1_fu_770_p2          |    or    |      0|  0|   2|           1|           1|
    |or_ln785_2_fu_210_p2          |    or    |      0|  0|   2|           1|           1|
    |or_ln785_fu_463_p2            |    or    |      0|  0|   2|           1|           1|
    |or_ln786_1_fu_737_p2          |    or    |      0|  0|   2|           1|           1|
    |or_ln786_fu_484_p2            |    or    |      0|  0|   2|           1|           1|
    |r_3_fu_640_p2                 |    or    |      0|  0|   2|           1|           1|
    |r_fu_352_p2                   |    or    |      0|  0|   2|           1|           1|
    |deleted_ones_2_fu_252_p3      |  select  |      0|  0|   2|           1|           1|
    |deleted_ones_fu_447_p3        |  select  |      0|  0|   2|           1|           1|
    |deleted_zeros_1_fu_759_p3     |  select  |      0|  0|   2|           1|           1|
    |deleted_zeros_fu_424_p3       |  select  |      0|  0|   2|           1|           1|
    |grp_fu_150_p3                 |  select  |      0|  0|  36|           1|          35|
    |grp_fu_158_p3                 |  select  |      0|  0|  37|           1|          37|
    |grp_fu_533_p3                 |  select  |      0|  0|  36|           1|          36|
    |p_Val2_12_fu_807_p3           |  select  |      0|  0|  36|           1|          36|
    |grp_fu_703_p2                 |    xor   |      0|  0|   2|           1|           2|
    |xor_ln1497_fu_856_p2          |    xor   |      0|  0|   2|           1|           2|
    |xor_ln340_1_fu_138_p2         |    xor   |      0|  0|   2|           1|           2|
    |xor_ln340_fu_132_p2           |    xor   |      0|  0|   2|           1|           1|
    |xor_ln779_1_fu_676_p2         |    xor   |      0|  0|   2|           1|           2|
    |xor_ln779_fu_436_p2           |    xor   |      0|  0|   2|           1|           2|
    |xor_ln785_1_fu_468_p2         |    xor   |      0|  0|   2|           1|           2|
    |xor_ln785_2_fu_764_p2         |    xor   |      0|  0|   2|           1|           2|
    |xor_ln785_3_fu_726_p2         |    xor   |      0|  0|   2|           1|           2|
    |xor_ln785_4_fu_214_p2         |    xor   |      0|  0|   2|           1|           2|
    |xor_ln785_fu_457_p2           |    xor   |      0|  0|   2|           1|           2|
    |xor_ln786_1_fu_120_p2         |    xor   |      0|  0|   2|           1|           2|
    |xor_ln786_2_fu_743_p2         |    xor   |      0|  0|   2|           1|           2|
    |xor_ln786_3_fu_229_p2         |    xor   |      0|  0|   2|           2|           1|
    |xor_ln786_fu_490_p2           |    xor   |      0|  0|   2|           1|           2|
    +------------------------------+----------+-------+---+----+------------+------------+
    |Total                         |          |      0|  0| 621|         394|         513|
    +------------------------------+----------+-------+---+----+------------+------------+

    * Multiplexer: 
    +---------------+----+-----------+-----+-----------+
    |      Name     | LUT| Input Size| Bits| Total Bits|
    +---------------+----+-----------+-----+-----------+
    |ap_NS_fsm      |  56|         13|    1|         13|
    |grp_fu_106_p0  |  15|          3|   72|        216|
    |grp_fu_106_p1  |  15|          3|   72|        216|
    |grp_fu_150_p0  |  27|          5|    1|          5|
    |grp_fu_150_p2  |  15|          3|   36|        108|
    |grp_fu_158_p0  |  27|          5|    1|          5|
    |grp_fu_158_p2  |  15|          3|   36|        108|
    |grp_fu_309_p0  |  15|          3|   37|        111|
    |grp_fu_309_p1  |  15|          3|   36|        108|
    |grp_fu_533_p0  |  21|          4|    1|          4|
    |grp_fu_82_p0   |  15|          3|   36|        108|
    |grp_fu_82_p1   |  15|          3|   36|        108|
    |grp_fu_851_p0  |  15|          3|   73|        219|
    |grp_fu_851_p1  |  15|          3|   73|        219|
    |grp_fu_92_p0   |  33|          6|   72|        432|
    |grp_fu_92_p1   |  33|          6|   72|        432|
    |reg_908        |  33|          6|   73|        438|
    |reg_917        |  21|          4|   73|        292|
    |reg_982        |   9|          2|   72|        144|
    +---------------+----+-----------+-----+-----------+
    |Total          | 410|         81|  873|       3286|
    +---------------+----+-----------+-----+-----------+

    * Register: 
    +-----------------------------+----+----+-----+-----------+
    |             Name            | FF | LUT| Bits| Const Bits|
    +-----------------------------+----+----+-----+-----------+
    |Range1_all_ones_2_reg_1028   |   1|   0|    1|          0|
    |Range1_all_ones_reg_970      |   1|   0|    1|          0|
    |Range1_all_zeros_1_reg_1045  |   1|   0|    1|          0|
    |Range1_all_zeros_reg_987     |   1|   0|    1|          0|
    |Range2_all_ones_1_reg_1033   |   1|   0|    1|          0|
    |Range2_all_ones_reg_975      |   1|   0|    1|          0|
    |and_ln781_1_reg_1071         |   1|   0|    1|          0|
    |and_ln786_3_reg_1082         |   1|   0|    1|          0|
    |ap_CS_fsm                    |  12|   0|   12|          0|
    |carry_1_reg_964              |   1|   0|    1|          0|
    |carry_3_reg_1061             |   1|   0|    1|          0|
    |icmp_ln1497_1_reg_1088       |   1|   0|    1|          0|
    |p_Result_10_reg_897          |   1|   0|    1|          0|
    |p_Result_1_reg_903           |   4|   0|    4|          0|
    |p_Result_3_reg_957           |   1|   0|    1|          0|
    |p_Result_6_reg_1023          |   1|   0|    1|          0|
    |p_Result_8_reg_1056          |   1|   0|    1|          0|
    |p_Result_9_reg_867           |   1|   0|    1|          0|
    |p_Result_s_15_reg_939        |   3|   0|    3|          0|
    |p_Result_s_reg_923           |   1|   0|    1|          0|
    |p_Val2_13_reg_879            |  36|   0|   36|          0|
    |r_2_reg_1017                 |   1|   0|    1|          0|
    |reg_1113                     |  72|   0|   72|          0|
    |reg_908                      |  73|   0|   73|          0|
    |reg_917                      |  73|   0|   73|          0|
    |reg_982                      |  72|   0|   72|          0|
    |tmp_20_reg_891               |   1|   0|    1|          0|
    |underflow_2_reg_1077         |   1|   0|    1|          0|
    |xor_ln785_3_reg_1066         |   1|   0|    1|          0|
    +-----------------------------+----+----+-----+-----------+
    |Total                        | 366|   0|  366|          0|
    +-----------------------------+----+----+-----+-----------+



================================================================
== Interface
================================================================
* Summary: 
+-----------+-----+-----+------------+--------------+--------------+
| RTL Ports | Dir | Bits|  Protocol  | Source Object|    C Type    |
+-----------+-----+-----+------------+--------------+--------------+
|ap_clk     |  in |    1| ap_ctrl_hs |    pretest   | return value |
|ap_rst     |  in |    1| ap_ctrl_hs |    pretest   | return value |
|ap_start   |  in |    1| ap_ctrl_hs |    pretest   | return value |
|ap_done    | out |    1| ap_ctrl_hs |    pretest   | return value |
|ap_idle    | out |    1| ap_ctrl_hs |    pretest   | return value |
|ap_ready   | out |    1| ap_ctrl_hs |    pretest   | return value |
|ap_return  | out |    1| ap_ctrl_hs |    pretest   | return value |
|x_V        |  in |   36|   ap_none  |      x_V     |    scalar    |
|y_V        |  in |   36|   ap_none  |      y_V     |    scalar    |
+-----------+-----+-----+------------+--------------+--------------+

