

================================================================
== Vivado HLS Report for 'pretest'
================================================================
* Date:           Fri May 31 11:24:39 2019

* Version:        2019.1 (Build 2552052 on Fri May 24 15:28:33 MDT 2019)
* Project:        mandelbrotHLS
* Solution:       AXI
* Product family: artix7
* Target device:  xc7a100t-csg324-1


================================================================
== Performance Estimates
================================================================
+ Timing (ns): 
    * Summary: 
    +--------+-------+----------+------------+
    |  Clock | Target| Estimated| Uncertainty|
    +--------+-------+----------+------------+
    |ap_clk  |   6.00|     5.097|        0.75|
    +--------+-------+----------+------------+

+ Latency (clock cycles): 
    * Summary: 
    +-----+-----+-----+-----+---------+
    |  Latency  |  Interval | Pipeline|
    | min | max | min | max |   Type  |
    +-----+-----+-----+-----+---------+
    |   19|   19|   19|   19|   none  |
    +-----+-----+-----+-----+---------+

    + Detail: 
        * Instance: 
        N/A

        * Loop: 
        N/A



================================================================
== Utilization Estimates
================================================================
* Summary: 
+-----------------+---------+-------+--------+-------+-----+
|       Name      | BRAM_18K| DSP48E|   FF   |  LUT  | URAM|
+-----------------+---------+-------+--------+-------+-----+
|DSP              |        -|      -|       -|      -|    -|
|Expression       |        -|      -|       0|    601|    -|
|FIFO             |        -|      -|       -|      -|    -|
|Instance         |        -|     10|     568|     38|    -|
|Memory           |        -|      -|       -|      -|    -|
|Multiplexer      |        -|      -|       -|    470|    -|
|Register         |        -|      -|     370|      -|    -|
+-----------------+---------+-------+--------+-------+-----+
|Total            |        0|     10|     938|   1109|    0|
+-----------------+---------+-------+--------+-------+-----+
|Available        |      270|    240|  126800|  63400|    0|
+-----------------+---------+-------+--------+-------+-----+
|Utilization (%)  |        0|      4|   ~0   |      1|    0|
+-----------------+---------+-------+--------+-------+-----+

+ Detail: 
    * Instance: 
    +-------------------------+----------------------+---------+-------+-----+----+-----+
    |         Instance        |        Module        | BRAM_18K| DSP48E|  FF | LUT| URAM|
    +-------------------------+----------------------+---------+-------+-----+----+-----+
    |calc_mul_40s_40s_cud_U2  |calc_mul_40s_40s_cud  |        0|      5|  281|  19|    0|
    |calc_mul_41s_40s_bkb_U1  |calc_mul_41s_40s_bkb  |        0|      5|  287|  19|    0|
    +-------------------------+----------------------+---------+-------+-----+----+-----+
    |Total                    |                      |        0|     10|  568|  38|    0|
    +-------------------------+----------------------+---------+-------+-----+----+-----+

    * DSP48E: 
    N/A

    * Memory: 
    N/A

    * FIFO: 
    N/A

    * Expression: 
    +---------------------------+----------+-------+---+----+------------+------------+
    |       Variable Name       | Operation| DSP48E| FF| LUT| Bitwidth P0| Bitwidth P1|
    +---------------------------+----------+-------+---+----+------------+------------+
    |grp_fu_389_p2              |     +    |      0|  0|  87|          80|          80|
    |grp_fu_92_p2               |     +    |      0|  0|  87|          80|          80|
    |ret_V_5_fu_188_p2          |     +    |      0|  0|  48|          35|          41|
    |ret_V_7_fu_174_p2          |     +    |      0|  0|  48|          36|          41|
    |and_ln412_1_fu_633_p2      |    and   |      0|  0|   2|           1|           1|
    |and_ln412_fu_379_p2        |    and   |      0|  0|   2|           1|           1|
    |and_ln779_1_fu_705_p2      |    and   |      0|  0|   2|           1|           1|
    |and_ln779_fu_436_p2        |    and   |      0|  0|   2|           1|           1|
    |and_ln781_1_fu_735_p2      |    and   |      0|  0|   2|           1|           1|
    |and_ln781_fu_459_p2        |    and   |      0|  0|   2|           1|           1|
    |and_ln786_3_fu_719_p2      |    and   |      0|  0|   2|           1|           1|
    |and_ln786_5_fu_225_p2      |    and   |      0|  0|   2|           1|           1|
    |and_ln786_fu_448_p2        |    and   |      0|  0|   2|           1|           1|
    |carry_1_fu_409_p2          |    and   |      0|  0|   2|           1|           1|
    |carry_3_fu_663_p2          |    and   |      0|  0|   2|           1|           1|
    |overflow_1_fu_755_p2       |    and   |      0|  0|   2|           1|           1|
    |overflow_2_fu_219_p2       |    and   |      0|  0|   2|           1|           1|
    |overflow_fu_479_p2         |    and   |      0|  0|   2|           1|           1|
    |underflow_1_fu_126_p2      |    and   |      0|  0|   2|           1|           1|
    |underflow_2_fu_772_p2      |    and   |      0|  0|   2|           1|           1|
    |underflow_3_fu_235_p2      |    and   |      0|  0|   2|           1|           1|
    |underflow_fu_496_p2        |    and   |      0|  0|   2|           1|           1|
    |grp_fu_568_p2              |   icmp   |      0|  0|  21|          34|           1|
    |grp_fu_677_p2              |   icmp   |      0|  0|  11|           5|           1|
    |grp_fu_682_p2              |   icmp   |      0|  0|  11|           5|           2|
    |grp_fu_687_p2              |   icmp   |      0|  0|   9|           4|           2|
    |grp_fu_851_p2              |   icmp   |      0|  0|  50|          81|          81|
    |ap_return                  |    or    |      0|  0|   2|           1|           1|
    |or_ln340_1_fu_512_p2       |    or    |      0|  0|   2|           1|           1|
    |or_ln340_2_fu_507_p2       |    or    |      0|  0|   2|           1|           1|
    |or_ln340_3_fu_144_p2       |    or    |      0|  0|   2|           1|           1|
    |or_ln340_4_fu_777_p2       |    or    |      0|  0|   2|           1|           1|
    |or_ln340_5_fu_783_p2       |    or    |      0|  0|   2|           1|           1|
    |or_ln340_6_fu_788_p2       |    or    |      0|  0|   2|           1|           1|
    |or_ln340_7_fu_240_p2       |    or    |      0|  0|   2|           1|           1|
    |or_ln340_8_fu_246_p2       |    or    |      0|  0|   2|           1|           1|
    |or_ln340_fu_501_p2         |    or    |      0|  0|   2|           1|           1|
    |or_ln785_1_fu_745_p2       |    or    |      0|  0|   2|           1|           1|
    |or_ln785_2_fu_210_p2       |    or    |      0|  0|   2|           1|           1|
    |or_ln785_fu_469_p2         |    or    |      0|  0|   2|           1|           1|
    |or_ln786_1_fu_761_p2       |    or    |      0|  0|   2|           1|           1|
    |or_ln786_fu_485_p2         |    or    |      0|  0|   2|           1|           1|
    |r_3_fu_621_p2              |    or    |      0|  0|   2|           1|           1|
    |r_fu_367_p2                |    or    |      0|  0|   2|           1|           1|
    |deleted_ones_2_fu_711_p3   |  select  |      0|  0|   2|           1|           1|
    |deleted_ones_fu_441_p3     |  select  |      0|  0|   2|           1|           1|
    |deleted_zeros_1_fu_730_p3  |  select  |      0|  0|   2|           1|           1|
    |deleted_zeros_fu_252_p3    |  select  |      0|  0|   2|           1|           1|
    |grp_fu_150_p3              |  select  |      0|  0|  40|           1|          40|
    |grp_fu_454_p3              |  select  |      0|  0|  41|           1|          41|
    |grp_fu_794_p3              |  select  |      0|  0|  40|           1|          39|
    |grp_fu_657_p2              |    xor   |      0|  0|   2|           1|           2|
    |xor_ln1497_fu_856_p2       |    xor   |      0|  0|   2|           1|           2|
    |xor_ln340_1_fu_138_p2      |    xor   |      0|  0|   2|           1|           2|
    |xor_ln340_fu_132_p2        |    xor   |      0|  0|   2|           1|           1|
    |xor_ln779_1_fu_699_p2      |    xor   |      0|  0|   2|           1|           2|
    |xor_ln779_fu_430_p2        |    xor   |      0|  0|   2|           1|           2|
    |xor_ln785_1_fu_474_p2      |    xor   |      0|  0|   2|           1|           2|
    |xor_ln785_2_fu_739_p2      |    xor   |      0|  0|   2|           1|           2|
    |xor_ln785_3_fu_750_p2      |    xor   |      0|  0|   2|           1|           2|
    |xor_ln785_4_fu_214_p2      |    xor   |      0|  0|   2|           1|           2|
    |xor_ln785_fu_463_p2        |    xor   |      0|  0|   2|           1|           2|
    |xor_ln786_1_fu_120_p2      |    xor   |      0|  0|   2|           1|           2|
    |xor_ln786_2_fu_766_p2      |    xor   |      0|  0|   2|           1|           2|
    |xor_ln786_3_fu_229_p2      |    xor   |      0|  0|   2|           2|           1|
    |xor_ln786_fu_490_p2        |    xor   |      0|  0|   2|           1|           2|
    +---------------------------+----------+-------+---+----+------------+------------+
    |Total                      |          |      0|  0| 601|         418|         516|
    +---------------------------+----------+-------+---+----+------------+------------+

    * Multiplexer: 
    +---------------+-----+-----------+-----+-----------+
    |      Name     | LUT | Input Size| Bits| Total Bits|
    +---------------+-----+-----------+-----+-----------+
    |ap_NS_fsm      |  101|         21|    1|         21|
    |grp_fu_150_p0  |   27|          5|    1|          5|
    |grp_fu_389_p0  |   21|          4|   80|        320|
    |grp_fu_389_p1  |   21|          4|   80|        320|
    |grp_fu_454_p0  |   27|          5|    1|          5|
    |grp_fu_454_p2  |   15|          3|   40|        120|
    |grp_fu_794_p0  |   27|          5|    1|          5|
    |grp_fu_794_p2  |   15|          3|   40|        120|
    |grp_fu_82_p0   |   21|          4|   41|        164|
    |grp_fu_82_p1   |   21|          4|   40|        160|
    |grp_fu_851_p0  |   15|          3|   81|        243|
    |grp_fu_851_p1  |   15|          3|   81|        243|
    |grp_fu_92_p0   |   27|          5|   80|        400|
    |grp_fu_92_p1   |   27|          5|   80|        400|
    |reg_1002       |   21|          4|   81|        324|
    |reg_1037       |    9|          2|    4|          8|
    |reg_1113       |   21|          4|   81|        324|
    |reg_903        |    9|          2|   80|        160|
    |reg_914        |    9|          2|    5|         10|
    |reg_929        |   21|          4|   40|        160|
    +---------------+-----+-----------+-----+-----------+
    |Total          |  470|         92|  938|       3512|
    +---------------+-----+-----------+-----+-----------+

    * Register: 
    +-----------------------------+----+----+-----+-----------+
    |             Name            | FF | LUT| Bits| Const Bits|
    +-----------------------------+----+----+-----+-----------+
    |Range1_all_ones_2_reg_1076   |   1|   0|    1|          0|
    |Range1_all_ones_reg_968      |   1|   0|    1|          0|
    |Range1_all_zeros_1_reg_1070  |   1|   0|    1|          0|
    |Range1_all_zeros_reg_961     |   1|   0|    1|          0|
    |Range2_all_ones_reg_951      |   1|   0|    1|          0|
    |and_ln786_3_reg_1087         |   1|   0|    1|          0|
    |and_ln786_reg_990            |   1|   0|    1|          0|
    |ap_CS_fsm                    |  20|   0|   20|          0|
    |carry_1_reg_985              |   1|   0|    1|          0|
    |carry_3_reg_1065             |   1|   0|    1|          0|
    |icmp_ln1497_1_reg_1081       |   1|   0|    1|          0|
    |p_Result_10_reg_897          |   1|   0|    1|          0|
    |p_Result_3_reg_979           |   1|   0|    1|          0|
    |p_Result_6_reg_1032          |   1|   0|    1|          0|
    |p_Result_8_reg_1059          |   1|   0|    1|          0|
    |p_Result_9_reg_867           |   1|   0|    1|          0|
    |p_Result_s_reg_935           |   1|   0|    1|          0|
    |p_Val2_13_reg_879            |  40|   0|   40|          0|
    |r_1_reg_956                  |   1|   0|    1|          0|
    |r_2_reg_1026                 |   1|   0|    1|          0|
    |reg_1002                     |  81|   0|   81|          0|
    |reg_1037                     |   4|   0|    4|          0|
    |reg_1113                     |  81|   0|   81|          0|
    |reg_903                      |  80|   0|   80|          0|
    |reg_914                      |   5|   0|    5|          0|
    |reg_929                      |  40|   0|   40|          0|
    |tmp_20_reg_891               |   1|   0|    1|          0|
    +-----------------------------+----+----+-----+-----------+
    |Total                        | 370|   0|  370|          0|
    +-----------------------------+----+----+-----+-----------+



================================================================
== Interface
================================================================
* Summary: 
+-----------+-----+-----+------------+--------------+--------------+
| RTL Ports | Dir | Bits|  Protocol  | Source Object|    C Type    |
+-----------+-----+-----+------------+--------------+--------------+
|ap_clk     |  in |    1| ap_ctrl_hs |    pretest   | return value |
|ap_rst     |  in |    1| ap_ctrl_hs |    pretest   | return value |
|ap_start   |  in |    1| ap_ctrl_hs |    pretest   | return value |
|ap_done    | out |    1| ap_ctrl_hs |    pretest   | return value |
|ap_idle    | out |    1| ap_ctrl_hs |    pretest   | return value |
|ap_ready   | out |    1| ap_ctrl_hs |    pretest   | return value |
|ap_return  | out |    1| ap_ctrl_hs |    pretest   | return value |
|x_V        |  in |   40|   ap_none  |      x_V     |    scalar    |
|y_V        |  in |   40|   ap_none  |      y_V     |    scalar    |
+-----------+-----+-----+------------+--------------+--------------+

